--------------------------------------------------------------------------------
Release 10.1.03 Trace  (lin64)
Copyright (c) 1995-2008 Xilinx, Inc.  All rights reserved.

/afs/csail.mit.edu/proj/redsocs/Xilinx10.1/ISE/bin/lin64/unwrapped/trce -ise
/afs/athena.mit.edu/user/g/r/grosas/6.111/Final_Project/bodydrums/meshed_fp/meshed_fp.ise
-intstyle ise -v 3 -s 4 -xml labkit labkit.ncd -o labkit.twr labkit.pcf -ucf
labkit.ucf

Design file:              labkit.ncd
Physical constraint file: labkit.pcf
Device,package,speed:     xc2v6000,bf957,-4 (PRODUCTION 1.121 2008-07-25, STEPPING level 0)
Report level:             verbose report

Environment Variable      Effect 
--------------------      ------ 
NONE                      No environment variables were set
--------------------------------------------------------------------------------

INFO:Timing:2698 - No timing constraints found, doing default enumeration.
INFO:Timing:2752 - To get complete path coverage, use the unconstrained paths 
   option. All paths that are not constrained will be reported in the 
   unconstrained paths section(s) of the report.
INFO:Timing:3339 - The clock-to-out numbers in this timing report are based on 
   a 50 Ohm transmission line loading model.  For the details of this model, 
   and for more information on accounting for different loading conditions, 
   please see the device datasheet.



Data Sheet report:
-----------------
All values displayed in nanoseconds (ns)

Setup/Hold to clock clock_27mhz
------------+------------+------------+------------------+--------+
            |  Setup to  |  Hold to   |                  | Clock  |
Source      | clk (edge) | clk (edge) |Internal Clock(s) | Phase  |
------------+------------+------------+------------------+--------+
button_down |    0.266(R)|    3.260(R)|clock_65mhz       |   0.000|
button_enter|    0.048(R)|    2.545(R)|clock_65mhz       |   0.000|
button_left |   -0.983(R)|    3.060(R)|clock_65mhz       |   0.000|
button_right|   -1.240(R)|    3.184(R)|clock_65mhz       |   0.000|
button_up   |   -0.649(R)|    2.923(R)|clock_65mhz       |   0.000|
switch<0>   |   11.517(R)|    1.381(R)|clock_65mhz       |   0.000|
switch<1>   |   10.312(R)|    2.276(R)|clock_65mhz       |   0.000|
------------+------------+------------+------------------+--------+

Clock clock_27mhz to Pad
----------------+------------+------------------+--------+
                | clk (edge) |                  | Clock  |
Destination     |   to PAD   |Internal Clock(s) | Phase  |
----------------+------------+------------------+--------+
disp_clock      |   12.388(R)|clock_27mhz_IBUFG |   0.000|
led<2>          |   17.594(R)|clock_65mhz       |   0.000|
led<3>          |   12.546(R)|clock_65mhz       |   0.000|
led<4>          |   12.209(R)|clock_65mhz       |   0.000|
vga_out_blank_b |   12.272(R)|clock_65mhz       |   0.000|
vga_out_blue<0> |   11.694(R)|clock_65mhz       |   0.000|
vga_out_blue<1> |   12.742(R)|clock_65mhz       |   0.000|
vga_out_blue<2> |   12.158(R)|clock_65mhz       |   0.000|
vga_out_blue<3> |   12.118(R)|clock_65mhz       |   0.000|
vga_out_blue<4> |   11.964(R)|clock_65mhz       |   0.000|
vga_out_blue<5> |   12.341(R)|clock_65mhz       |   0.000|
vga_out_blue<6> |   12.414(R)|clock_65mhz       |   0.000|
vga_out_blue<7> |   12.090(R)|clock_65mhz       |   0.000|
vga_out_green<0>|   12.838(R)|clock_65mhz       |   0.000|
vga_out_green<1>|   12.788(R)|clock_65mhz       |   0.000|
vga_out_green<2>|   12.644(R)|clock_65mhz       |   0.000|
vga_out_green<3>|   11.895(R)|clock_65mhz       |   0.000|
vga_out_green<4>|   12.221(R)|clock_65mhz       |   0.000|
vga_out_green<5>|   12.254(R)|clock_65mhz       |   0.000|
vga_out_green<6>|   12.278(R)|clock_65mhz       |   0.000|
vga_out_green<7>|   12.204(R)|clock_65mhz       |   0.000|
vga_out_hsync   |   12.237(R)|clock_65mhz       |   0.000|
vga_out_red<0>  |   13.476(R)|clock_65mhz       |   0.000|
vga_out_red<1>  |   13.893(R)|clock_65mhz       |   0.000|
vga_out_red<2>  |   13.501(R)|clock_65mhz       |   0.000|
vga_out_red<3>  |   11.822(R)|clock_65mhz       |   0.000|
vga_out_red<4>  |   13.150(R)|clock_65mhz       |   0.000|
vga_out_red<5>  |   13.580(R)|clock_65mhz       |   0.000|
vga_out_red<6>  |   13.762(R)|clock_65mhz       |   0.000|
vga_out_red<7>  |   11.801(R)|clock_65mhz       |   0.000|
vga_out_vsync   |   10.862(R)|clock_65mhz       |   0.000|
----------------+------------+------------------+--------+

Clock to Setup on destination clock clock_27mhz
---------------+---------+---------+---------+---------+
               | Src:Rise| Src:Fall| Src:Rise| Src:Fall|
Source Clock   |Dest:Rise|Dest:Rise|Dest:Fall|Dest:Fall|
---------------+---------+---------+---------+---------+
clock_27mhz    |   18.438|         |         |         |
---------------+---------+---------+---------+---------+

Pad to Pad
---------------+-------------------+---------+
Source Pad     |Destination Pad    |  Delay  |
---------------+-------------------+---------+
clock_27mhz    |vga_out_pixel_clock|   11.039|
switch<0>      |led<0>             |    5.871|
switch<1>      |led<1>             |    5.840|
---------------+-------------------+---------+


Analysis completed Thu Dec  3 02:23:50 2015 
--------------------------------------------------------------------------------

Trace Settings:
-------------------------
Trace Settings 

Peak Memory Usage: 366 MB



