--------------------------------------------------------------------------------
Release 10.1.03 Trace  (lin64)
Copyright (c) 1995-2008 Xilinx, Inc.  All rights reserved.

/afs/csail.mit.edu/proj/redsocs/Xilinx10.1/ISE/bin/lin64/unwrapped/trce -ise
/afs/athena.mit.edu/user/g/r/grosas/6.111/Final_Project/bodydrums/meshed_fp/meshed_fp.ise
-intstyle ise -v 3 -s 4 -xml labkit labkit.ncd -o labkit.twr labkit.pcf -ucf
labkit.ucf

Design file:              labkit.ncd
Physical constraint file: labkit.pcf
Device,package,speed:     xc2v6000,bf957,-4 (PRODUCTION 1.121 2008-07-25, STEPPING level 0)
Report level:             verbose report

Environment Variable      Effect 
--------------------      ------ 
NONE                      No environment variables were set
--------------------------------------------------------------------------------

INFO:Timing:2698 - No timing constraints found, doing default enumeration.
INFO:Timing:2752 - To get complete path coverage, use the unconstrained paths 
   option. All paths that are not constrained will be reported in the 
   unconstrained paths section(s) of the report.
INFO:Timing:3339 - The clock-to-out numbers in this timing report are based on 
   a 50 Ohm transmission line loading model.  For the details of this model, 
   and for more information on accounting for different loading conditions, 
   please see the device datasheet.



Data Sheet report:
-----------------
All values displayed in nanoseconds (ns)

Setup/Hold to clock ac97_bit_clock
-------------+------------+------------+--------------------+--------+
             |  Setup to  |  Hold to   |                    | Clock  |
Source       | clk (edge) | clk (edge) |Internal Clock(s)   | Phase  |
-------------+------------+------------+--------------------+--------+
ac97_sdata_in|   -3.982(F)|    4.254(F)|ac97_bit_clock_BUFGP|   0.000|
-------------+------------+------------+--------------------+--------+

Setup/Hold to clock clock_27mhz
------------+------------+------------+------------------+--------+
            |  Setup to  |  Hold to   |                  | Clock  |
Source      | clk (edge) | clk (edge) |Internal Clock(s) | Phase  |
------------+------------+------------+------------------+--------+
button_down |   -0.139(R)|    2.220(R)|clock_65mhz       |   0.000|
button_enter|    0.834(R)|    2.182(R)|clock_65mhz       |   0.000|
button_left |   -0.190(R)|    2.455(R)|clock_65mhz       |   0.000|
button_right|   -0.136(R)|    2.379(R)|clock_65mhz       |   0.000|
button_up   |    0.264(R)|    2.023(R)|clock_65mhz       |   0.000|
switch<0>   |    9.880(R)|   -0.094(R)|clock_65mhz       |   0.000|
switch<1>   |   10.350(R)|   -0.122(R)|clock_65mhz       |   0.000|
switch<4>   |    9.744(R)|   -2.367(R)|clock_27mhz_IBUFG |   0.000|
switch<5>   |   11.182(R)|   -2.921(R)|clock_27mhz_IBUFG |   0.000|
switch<6>   |    8.991(R)|   -2.077(R)|clock_27mhz_IBUFG |   0.000|
switch<7>   |    9.666(R)|   -2.162(R)|clock_27mhz_IBUFG |   0.000|
------------+------------+------------+------------------+--------+

Clock ac97_bit_clock to Pad
--------------+------------+--------------------+--------+
              | clk (edge) |                    | Clock  |
Destination   |   to PAD   |Internal Clock(s)   | Phase  |
--------------+------------+--------------------+--------+
ac97_sdata_out|   12.689(R)|ac97_bit_clock_BUFGP|   0.000|
ac97_synch    |   13.105(R)|ac97_bit_clock_BUFGP|   0.000|
--------------+------------+--------------------+--------+

Clock clock_27mhz to Pad
----------------+------------+------------------+--------+
                | clk (edge) |                  | Clock  |
Destination     |   to PAD   |Internal Clock(s) | Phase  |
----------------+------------+------------------+--------+
audio_reset_b   |   10.242(R)|clock_27mhz_IBUFG |   0.000|
disp_clock      |    7.991(R)|clock_27mhz_IBUFG |   0.000|
vga_out_blank_b |   13.595(R)|clock_65mhz       |   0.000|
vga_out_blue<0> |   12.493(R)|clock_65mhz       |   0.000|
vga_out_blue<1> |   12.500(R)|clock_65mhz       |   0.000|
vga_out_blue<2> |   12.627(R)|clock_65mhz       |   0.000|
vga_out_blue<3> |   11.915(R)|clock_65mhz       |   0.000|
vga_out_blue<4> |   12.309(R)|clock_65mhz       |   0.000|
vga_out_blue<5> |   11.971(R)|clock_65mhz       |   0.000|
vga_out_blue<6> |   11.465(R)|clock_65mhz       |   0.000|
vga_out_blue<7> |   11.463(R)|clock_65mhz       |   0.000|
vga_out_green<0>|   12.239(R)|clock_65mhz       |   0.000|
vga_out_green<1>|   13.257(R)|clock_65mhz       |   0.000|
vga_out_green<2>|   11.948(R)|clock_65mhz       |   0.000|
vga_out_green<3>|   11.899(R)|clock_65mhz       |   0.000|
vga_out_green<4>|   13.339(R)|clock_65mhz       |   0.000|
vga_out_green<5>|   12.786(R)|clock_65mhz       |   0.000|
vga_out_green<6>|   13.446(R)|clock_65mhz       |   0.000|
vga_out_green<7>|   12.898(R)|clock_65mhz       |   0.000|
vga_out_hsync   |   12.061(R)|clock_65mhz       |   0.000|
vga_out_red<0>  |   13.299(R)|clock_65mhz       |   0.000|
vga_out_red<1>  |   13.302(R)|clock_65mhz       |   0.000|
vga_out_red<2>  |   13.246(R)|clock_65mhz       |   0.000|
vga_out_red<3>  |   13.540(R)|clock_65mhz       |   0.000|
vga_out_red<4>  |   14.056(R)|clock_65mhz       |   0.000|
vga_out_red<5>  |   13.511(R)|clock_65mhz       |   0.000|
vga_out_red<6>  |   14.065(R)|clock_65mhz       |   0.000|
vga_out_red<7>  |   14.195(R)|clock_65mhz       |   0.000|
vga_out_vsync   |   12.826(R)|clock_65mhz       |   0.000|
----------------+------------+------------------+--------+

Clock to Setup on destination clock ac97_bit_clock
---------------+---------+---------+---------+---------+
               | Src:Rise| Src:Fall| Src:Rise| Src:Fall|
Source Clock   |Dest:Rise|Dest:Rise|Dest:Fall|Dest:Fall|
---------------+---------+---------+---------+---------+
ac97_bit_clock |    7.802|         |    4.919|    3.283|
clock_27mhz    |    3.276|         |         |         |
---------------+---------+---------+---------+---------+

Clock to Setup on destination clock clock_27mhz
---------------+---------+---------+---------+---------+
               | Src:Rise| Src:Fall| Src:Rise| Src:Fall|
Source Clock   |Dest:Rise|Dest:Rise|Dest:Fall|Dest:Fall|
---------------+---------+---------+---------+---------+
ac97_bit_clock |    5.052|    3.012|         |         |
clock_27mhz    |   21.200|         |         |         |
---------------+---------+---------+---------+---------+

Pad to Pad
---------------+-------------------+---------+
Source Pad     |Destination Pad    |  Delay  |
---------------+-------------------+---------+
clock_27mhz    |vga_out_pixel_clock|   11.452|
---------------+-------------------+---------+


Analysis completed Thu Dec  3 15:24:26 2015 
--------------------------------------------------------------------------------

Trace Settings:
-------------------------
Trace Settings 

Peak Memory Usage: 687 MB



