/afs/athena.mit.edu/user/g/e/germainm/6.111/Final_Project/bodydrums/final_submission/labkit.ngc 1449529488
/afs/athena.mit.edu/user/g/e/germainm/6.111/Final_Project/bodydrums/final_submission/grad_div.ngc 1449361341
/afs/athena.mit.edu/user/g/e/germainm/6.111/Final_Project/bodydrums/final_submission/fft16384u.ngc 1449361340
/afs/athena.mit.edu/user/g/e/germainm/6.111/Final_Project/bodydrums/final_submission/red_hud.ngc 1449361342
/afs/athena.mit.edu/user/g/e/germainm/6.111/Final_Project/bodydrums/final_submission/nine_img.ngc 1449361342
/afs/athena.mit.edu/user/g/e/germainm/6.111/Final_Project/bodydrums/final_submission/eight_img.ngc 1449361340
/afs/athena.mit.edu/user/g/e/germainm/6.111/Final_Project/bodydrums/final_submission/seven_img.ngc 1449361342
/afs/athena.mit.edu/user/g/e/germainm/6.111/Final_Project/bodydrums/final_submission/six_img.ngc 1449361342
/afs/athena.mit.edu/user/g/e/germainm/6.111/Final_Project/bodydrums/final_submission/five_img.ngc 1449361341
/afs/athena.mit.edu/user/g/e/germainm/6.111/Final_Project/bodydrums/final_submission/four_img.ngc 1449361341
/afs/athena.mit.edu/user/g/e/germainm/6.111/Final_Project/bodydrums/final_submission/three_img.ngc 1449361342
/afs/athena.mit.edu/user/g/e/germainm/6.111/Final_Project/bodydrums/final_submission/two_img.ngc 1449361342
/afs/athena.mit.edu/user/g/e/germainm/6.111/Final_Project/bodydrums/final_submission/one_img.ngc 1449361342
/afs/athena.mit.edu/user/g/e/germainm/6.111/Final_Project/bodydrums/final_submission/zero_img.ngc 1449361342
/afs/athena.mit.edu/user/g/e/germainm/6.111/Final_Project/bodydrums/final_submission/hud_img.ngc 1449519537
OK
