/afs/athena.mit.edu/user/g/r/grosas/6.111/Final_Project/bodydrums/final_submission/labkit_experiment.ngc 1449531693
/afs/athena.mit.edu/user/g/r/grosas/6.111/Final_Project/bodydrums/final_submission/grad_div.ngc 1449109036
/afs/athena.mit.edu/user/g/r/grosas/6.111/Final_Project/bodydrums/final_submission/fft16384u.ngc 1447724273
/afs/athena.mit.edu/user/g/r/grosas/6.111/Final_Project/bodydrums/final_submission/mit_logo_rom.ngc 1449530440
/afs/athena.mit.edu/user/g/r/grosas/6.111/Final_Project/bodydrums/final_submission/mit_logo_red.ngc 1449530569
/afs/athena.mit.edu/user/g/r/grosas/6.111/Final_Project/bodydrums/final_submission/mit_logo_green.ngc 1449531064
/afs/athena.mit.edu/user/g/r/grosas/6.111/Final_Project/bodydrums/final_submission/mit_logo_blue.ngc 1449531116
/afs/athena.mit.edu/user/g/r/grosas/6.111/Final_Project/bodydrums/final_submission/red_hud.ngc 1448855668
/afs/athena.mit.edu/user/g/r/grosas/6.111/Final_Project/bodydrums/final_submission/nine_img.ngc 1448855596
/afs/athena.mit.edu/user/g/r/grosas/6.111/Final_Project/bodydrums/final_submission/eight_img.ngc 1448855572
/afs/athena.mit.edu/user/g/r/grosas/6.111/Final_Project/bodydrums/final_submission/seven_img.ngc 1448855548
/afs/athena.mit.edu/user/g/r/grosas/6.111/Final_Project/bodydrums/final_submission/six_img.ngc 1448855525
/afs/athena.mit.edu/user/g/r/grosas/6.111/Final_Project/bodydrums/final_submission/five_img.ngc 1448855501
/afs/athena.mit.edu/user/g/r/grosas/6.111/Final_Project/bodydrums/final_submission/four_img.ngc 1448855477
/afs/athena.mit.edu/user/g/r/grosas/6.111/Final_Project/bodydrums/final_submission/three_img.ngc 1448855453
/afs/athena.mit.edu/user/g/r/grosas/6.111/Final_Project/bodydrums/final_submission/two_img.ngc 1448855429
/afs/athena.mit.edu/user/g/r/grosas/6.111/Final_Project/bodydrums/final_submission/one_img.ngc 1448855405
/afs/athena.mit.edu/user/g/r/grosas/6.111/Final_Project/bodydrums/final_submission/zero_img.ngc 1448855381
/afs/athena.mit.edu/user/g/r/grosas/6.111/Final_Project/bodydrums/final_submission/hud_img.ngc 1449456949
OK
