--------------------------------------------------------------------------------
Release 10.1.03 Trace  (lin64)
Copyright (c) 1995-2008 Xilinx, Inc.  All rights reserved.

/afs/csail.mit.edu/proj/redsocs/Xilinx10.1/ISE/bin/lin64/unwrapped/trce -ise
/afs/athena.mit.edu/user/g/r/grosas/6.111/Final_Project/bodydrums/bodydrums/bodydrums.ise
-intstyle ise -v 3 -s 4 -xml lab3 lab3.ncd -o lab3.twr lab3.pcf -ucf labkit.ucf

Design file:              lab3.ncd
Physical constraint file: lab3.pcf
Device,package,speed:     xc2v6000,bf957,-4 (PRODUCTION 1.121 2008-07-25, STEPPING level 0)
Report level:             verbose report

Environment Variable      Effect 
--------------------      ------ 
NONE                      No environment variables were set
--------------------------------------------------------------------------------

INFO:Timing:2698 - No timing constraints found, doing default enumeration.
INFO:Timing:2752 - To get complete path coverage, use the unconstrained paths 
   option. All paths that are not constrained will be reported in the 
   unconstrained paths section(s) of the report.
INFO:Timing:3339 - The clock-to-out numbers in this timing report are based on 
   a 50 Ohm transmission line loading model.  For the details of this model, 
   and for more information on accounting for different loading conditions, 
   please see the device datasheet.



Data Sheet report:
-----------------
All values displayed in nanoseconds (ns)

Setup/Hold to clock clock_27mhz
------------+------------+------------+------------------+--------+
            |  Setup to  |  Hold to   |                  | Clock  |
Source      | clk (edge) | clk (edge) |Internal Clock(s) | Phase  |
------------+------------+------------+------------------+--------+
button_down |    2.338(R)|    0.460(R)|clock_65mhz       |   0.000|
button_enter|    2.066(R)|    0.809(R)|clock_65mhz       |   0.000|
button_up   |    1.886(R)|    0.888(R)|clock_65mhz       |   0.000|
switch<0>   |    3.936(R)|   -0.095(R)|clock_65mhz       |   0.000|
switch<1>   |    3.177(R)|    0.734(R)|clock_65mhz       |   0.000|
------------+------------+------------+------------------+--------+

Clock clock_27mhz to Pad
----------------+------------+------------------+--------+
                | clk (edge) |                  | Clock  |
Destination     |   to PAD   |Internal Clock(s) | Phase  |
----------------+------------+------------------+--------+
led<2>          |   18.343(R)|clock_65mhz       |   0.000|
led<3>          |   14.584(R)|clock_65mhz       |   0.000|
led<4>          |   14.139(R)|clock_65mhz       |   0.000|
vga_out_blank_b |   12.589(R)|clock_65mhz       |   0.000|
vga_out_blue<0> |   14.767(R)|clock_65mhz       |   0.000|
vga_out_blue<1> |   15.393(R)|clock_65mhz       |   0.000|
vga_out_blue<2> |   14.249(R)|clock_65mhz       |   0.000|
vga_out_blue<3> |   13.512(R)|clock_65mhz       |   0.000|
vga_out_blue<4> |   13.803(R)|clock_65mhz       |   0.000|
vga_out_blue<5> |   14.100(R)|clock_65mhz       |   0.000|
vga_out_blue<6> |   12.987(R)|clock_65mhz       |   0.000|
vga_out_blue<7> |   13.286(R)|clock_65mhz       |   0.000|
vga_out_green<0>|   13.415(R)|clock_65mhz       |   0.000|
vga_out_green<1>|   15.906(R)|clock_65mhz       |   0.000|
vga_out_green<2>|   13.303(R)|clock_65mhz       |   0.000|
vga_out_green<3>|   13.716(R)|clock_65mhz       |   0.000|
vga_out_green<4>|   17.767(R)|clock_65mhz       |   0.000|
vga_out_green<5>|   16.855(R)|clock_65mhz       |   0.000|
vga_out_green<6>|   18.068(R)|clock_65mhz       |   0.000|
vga_out_green<7>|   16.217(R)|clock_65mhz       |   0.000|
vga_out_hsync   |   12.265(R)|clock_65mhz       |   0.000|
vga_out_red<0>  |   14.679(R)|clock_65mhz       |   0.000|
vga_out_red<1>  |   14.796(R)|clock_65mhz       |   0.000|
vga_out_red<2>  |   14.990(R)|clock_65mhz       |   0.000|
vga_out_red<3>  |   14.983(R)|clock_65mhz       |   0.000|
vga_out_red<4>  |   16.222(R)|clock_65mhz       |   0.000|
vga_out_red<5>  |   14.927(R)|clock_65mhz       |   0.000|
vga_out_red<6>  |   16.512(R)|clock_65mhz       |   0.000|
vga_out_red<7>  |   15.595(R)|clock_65mhz       |   0.000|
vga_out_vsync   |   12.532(R)|clock_65mhz       |   0.000|
----------------+------------+------------------+--------+

Clock to Setup on destination clock clock_27mhz
---------------+---------+---------+---------+---------+
               | Src:Rise| Src:Fall| Src:Rise| Src:Fall|
Source Clock   |Dest:Rise|Dest:Rise|Dest:Fall|Dest:Fall|
---------------+---------+---------+---------+---------+
clock_27mhz    |    7.521|         |         |         |
---------------+---------+---------+---------+---------+

Pad to Pad
---------------+-------------------+---------+
Source Pad     |Destination Pad    |  Delay  |
---------------+-------------------+---------+
clock_27mhz    |vga_out_pixel_clock|   11.458|
switch<0>      |led<0>             |    6.389|
switch<1>      |led<1>             |    6.907|
---------------+-------------------+---------+


Analysis completed Tue Oct 27 19:45:52 2015 
--------------------------------------------------------------------------------

Trace Settings:
-------------------------
Trace Settings 

Peak Memory Usage: 341 MB



