--------------------------------------------------------------------------------
Release 10.1.03 Trace  (lin64)
Copyright (c) 1995-2008 Xilinx, Inc.  All rights reserved.

/afs/csail.mit.edu/proj/redsocs/Xilinx10.1/ISE/bin/lin64/unwrapped/trce -ise
/afs/athena.mit.edu/user/g/r/grosas/6.111/Final_Project/bodydrums/bodydrums/bodydrums.ise
-intstyle ise -v 3 -s 4 -xml labkit labkit.ncd -o labkit.twr labkit.pcf -ucf
labkit.ucf

Design file:              labkit.ncd
Physical constraint file: labkit.pcf
Device,package,speed:     xc2v6000,bf957,-4 (PRODUCTION 1.121 2008-07-25, STEPPING level 0)
Report level:             verbose report

Environment Variable      Effect 
--------------------      ------ 
NONE                      No environment variables were set
--------------------------------------------------------------------------------

INFO:Timing:2698 - No timing constraints found, doing default enumeration.
INFO:Timing:2752 - To get complete path coverage, use the unconstrained paths 
   option. All paths that are not constrained will be reported in the 
   unconstrained paths section(s) of the report.
INFO:Timing:3339 - The clock-to-out numbers in this timing report are based on 
   a 50 Ohm transmission line loading model.  For the details of this model, 
   and for more information on accounting for different loading conditions, 
   please see the device datasheet.



Data Sheet report:
-----------------
All values displayed in nanoseconds (ns)

Setup/Hold to clock clock_27mhz
------------+------------+------------+------------------+--------+
            |  Setup to  |  Hold to   |                  | Clock  |
Source      | clk (edge) | clk (edge) |Internal Clock(s) | Phase  |
------------+------------+------------+------------------+--------+
button_down |   -0.188(R)|    1.666(R)|clock_65mhz       |   0.000|
button_enter|    1.609(R)|    1.827(R)|clock_65mhz       |   0.000|
button_left |    0.031(R)|    2.100(R)|clock_65mhz       |   0.000|
button_right|   -0.279(R)|    2.191(R)|clock_65mhz       |   0.000|
button_up   |   -0.009(R)|    1.663(R)|clock_65mhz       |   0.000|
switch<0>   |   10.238(R)|   -1.563(R)|clock_65mhz       |   0.000|
switch<1>   |   14.031(R)|   -4.240(R)|clock_65mhz       |   0.000|
------------+------------+------------+------------------+--------+

Clock clock_27mhz to Pad
----------------+------------+------------------+--------+
                | clk (edge) |                  | Clock  |
Destination     |   to PAD   |Internal Clock(s) | Phase  |
----------------+------------+------------------+--------+
disp_clock      |   17.282(R)|clock_27mhz_IBUFG |   0.000|
led<2>          |   20.799(R)|clock_65mhz       |   0.000|
led<3>          |   15.063(R)|clock_65mhz       |   0.000|
led<4>          |   15.079(R)|clock_65mhz       |   0.000|
vga_out_blank_b |   12.640(R)|clock_65mhz       |   0.000|
vga_out_blue<0> |   12.936(R)|clock_65mhz       |   0.000|
vga_out_blue<1> |   12.602(R)|clock_65mhz       |   0.000|
vga_out_blue<2> |   12.151(R)|clock_65mhz       |   0.000|
vga_out_blue<3> |   12.690(R)|clock_65mhz       |   0.000|
vga_out_blue<4> |   12.147(R)|clock_65mhz       |   0.000|
vga_out_blue<5> |   12.407(R)|clock_65mhz       |   0.000|
vga_out_blue<6> |   12.311(R)|clock_65mhz       |   0.000|
vga_out_blue<7> |   12.638(R)|clock_65mhz       |   0.000|
vga_out_green<0>|   12.123(R)|clock_65mhz       |   0.000|
vga_out_green<1>|   13.525(R)|clock_65mhz       |   0.000|
vga_out_green<2>|   12.150(R)|clock_65mhz       |   0.000|
vga_out_green<3>|   12.079(R)|clock_65mhz       |   0.000|
vga_out_green<4>|   13.673(R)|clock_65mhz       |   0.000|
vga_out_green<5>|   13.002(R)|clock_65mhz       |   0.000|
vga_out_green<6>|   13.676(R)|clock_65mhz       |   0.000|
vga_out_green<7>|   12.828(R)|clock_65mhz       |   0.000|
vga_out_hsync   |   12.383(R)|clock_65mhz       |   0.000|
vga_out_red<0>  |   13.528(R)|clock_65mhz       |   0.000|
vga_out_red<1>  |   13.080(R)|clock_65mhz       |   0.000|
vga_out_red<2>  |   13.875(R)|clock_65mhz       |   0.000|
vga_out_red<3>  |   13.596(R)|clock_65mhz       |   0.000|
vga_out_red<4>  |   14.723(R)|clock_65mhz       |   0.000|
vga_out_red<5>  |   13.811(R)|clock_65mhz       |   0.000|
vga_out_red<6>  |   14.394(R)|clock_65mhz       |   0.000|
vga_out_red<7>  |   13.886(R)|clock_65mhz       |   0.000|
vga_out_vsync   |   10.912(R)|clock_65mhz       |   0.000|
----------------+------------+------------------+--------+

Clock to Setup on destination clock clock_27mhz
---------------+---------+---------+---------+---------+
               | Src:Rise| Src:Fall| Src:Rise| Src:Fall|
Source Clock   |Dest:Rise|Dest:Rise|Dest:Fall|Dest:Fall|
---------------+---------+---------+---------+---------+
clock_27mhz    |   18.706|         |         |         |
---------------+---------+---------+---------+---------+

Pad to Pad
---------------+-------------------+---------+
Source Pad     |Destination Pad    |  Delay  |
---------------+-------------------+---------+
clock_27mhz    |vga_out_pixel_clock|   11.459|
switch<0>      |led<0>             |    6.389|
switch<1>      |led<1>             |    6.840|
---------------+-------------------+---------+


Analysis completed Mon Nov 30 18:25:25 2015 
--------------------------------------------------------------------------------

Trace Settings:
-------------------------
Trace Settings 

Peak Memory Usage: 370 MB



