--------------------------------------------------------------------------------
Release 10.1.03 Trace  (lin64)
Copyright (c) 1995-2008 Xilinx, Inc.  All rights reserved.

/afs/csail.mit.edu/proj/redsocs/Xilinx10.1/ISE/bin/lin64/unwrapped/trce -ise
/afs/athena.mit.edu/user/g/r/grosas/6.111/Final_Project/bodydrums/bodydrums/bodydrums.ise
-intstyle ise -v 3 -s 4 -xml labkit labkit.ncd -o labkit.twr labkit.pcf -ucf
labkit.ucf

Design file:              labkit.ncd
Physical constraint file: labkit.pcf
Device,package,speed:     xc2v6000,bf957,-4 (PRODUCTION 1.121 2008-07-25, STEPPING level 0)
Report level:             verbose report

Environment Variable      Effect 
--------------------      ------ 
NONE                      No environment variables were set
--------------------------------------------------------------------------------

INFO:Timing:2698 - No timing constraints found, doing default enumeration.
INFO:Timing:2752 - To get complete path coverage, use the unconstrained paths 
   option. All paths that are not constrained will be reported in the 
   unconstrained paths section(s) of the report.
INFO:Timing:3339 - The clock-to-out numbers in this timing report are based on 
   a 50 Ohm transmission line loading model.  For the details of this model, 
   and for more information on accounting for different loading conditions, 
   please see the device datasheet.



Data Sheet report:
-----------------
All values displayed in nanoseconds (ns)

Setup/Hold to clock clock_27mhz
------------+------------+------------+------------------+--------+
            |  Setup to  |  Hold to   |                  | Clock  |
Source      | clk (edge) | clk (edge) |Internal Clock(s) | Phase  |
------------+------------+------------+------------------+--------+
button_down |   -0.050(R)|    1.889(R)|clock_65mhz       |   0.000|
button_enter|    1.119(R)|    2.295(R)|clock_65mhz       |   0.000|
button_left |   -0.648(R)|    2.152(R)|clock_65mhz       |   0.000|
button_right|   -0.732(R)|    2.418(R)|clock_65mhz       |   0.000|
button_up   |    0.625(R)|    1.140(R)|clock_65mhz       |   0.000|
switch<0>   |    8.191(R)|   -0.352(R)|clock_65mhz       |   0.000|
switch<1>   |    7.674(R)|   -0.626(R)|clock_65mhz       |   0.000|
------------+------------+------------+------------------+--------+

Clock clock_27mhz to Pad
----------------+------------+------------------+--------+
                | clk (edge) |                  | Clock  |
Destination     |   to PAD   |Internal Clock(s) | Phase  |
----------------+------------+------------------+--------+
disp_clock      |   14.046(R)|clock_27mhz_IBUFG |   0.000|
led<2>          |   20.879(R)|clock_65mhz       |   0.000|
led<3>          |   14.614(R)|clock_65mhz       |   0.000|
led<4>          |   14.269(R)|clock_65mhz       |   0.000|
vga_out_blank_b |   14.020(R)|clock_65mhz       |   0.000|
vga_out_blue<0> |   13.861(R)|clock_65mhz       |   0.000|
vga_out_blue<1> |   13.541(R)|clock_65mhz       |   0.000|
vga_out_blue<2> |   12.755(R)|clock_65mhz       |   0.000|
vga_out_blue<3> |   12.332(R)|clock_65mhz       |   0.000|
vga_out_blue<4> |   12.741(R)|clock_65mhz       |   0.000|
vga_out_blue<5> |   12.377(R)|clock_65mhz       |   0.000|
vga_out_blue<6> |   11.624(R)|clock_65mhz       |   0.000|
vga_out_blue<7> |   11.250(R)|clock_65mhz       |   0.000|
vga_out_green<0>|   12.399(R)|clock_65mhz       |   0.000|
vga_out_green<1>|   13.497(R)|clock_65mhz       |   0.000|
vga_out_green<2>|   12.232(R)|clock_65mhz       |   0.000|
vga_out_green<3>|   13.053(R)|clock_65mhz       |   0.000|
vga_out_green<4>|   13.251(R)|clock_65mhz       |   0.000|
vga_out_green<5>|   13.313(R)|clock_65mhz       |   0.000|
vga_out_green<6>|   14.303(R)|clock_65mhz       |   0.000|
vga_out_green<7>|   13.327(R)|clock_65mhz       |   0.000|
vga_out_hsync   |   12.715(R)|clock_65mhz       |   0.000|
vga_out_red<0>  |   14.084(R)|clock_65mhz       |   0.000|
vga_out_red<1>  |   12.608(R)|clock_65mhz       |   0.000|
vga_out_red<2>  |   13.321(R)|clock_65mhz       |   0.000|
vga_out_red<3>  |   14.102(R)|clock_65mhz       |   0.000|
vga_out_red<4>  |   14.886(R)|clock_65mhz       |   0.000|
vga_out_red<5>  |   14.106(R)|clock_65mhz       |   0.000|
vga_out_red<6>  |   12.985(R)|clock_65mhz       |   0.000|
vga_out_red<7>  |   13.696(R)|clock_65mhz       |   0.000|
vga_out_vsync   |   12.181(R)|clock_65mhz       |   0.000|
----------------+------------+------------------+--------+

Clock to Setup on destination clock clock_27mhz
---------------+---------+---------+---------+---------+
               | Src:Rise| Src:Fall| Src:Rise| Src:Fall|
Source Clock   |Dest:Rise|Dest:Rise|Dest:Fall|Dest:Fall|
---------------+---------+---------+---------+---------+
clock_27mhz    |   17.718|         |         |         |
---------------+---------+---------+---------+---------+

Pad to Pad
---------------+-------------------+---------+
Source Pad     |Destination Pad    |  Delay  |
---------------+-------------------+---------+
clock_27mhz    |vga_out_pixel_clock|   11.459|
switch<0>      |led<0>             |    6.389|
switch<1>      |led<1>             |    7.127|
---------------+-------------------+---------+


Analysis completed Sun Nov 29 23:15:49 2015 
--------------------------------------------------------------------------------

Trace Settings:
-------------------------
Trace Settings 

Peak Memory Usage: 360 MB



