/afs/athena.mit.edu/user/g/r/grosas/6.111/Final_Project/bodydrums/meshed_fp/labkit.ngc 1449127335
/afs/athena.mit.edu/user/g/r/grosas/6.111/Final_Project/bodydrums/meshed_fp/red_hud.ngc 1448855668
/afs/athena.mit.edu/user/g/r/grosas/6.111/Final_Project/bodydrums/meshed_fp/nine_img.ngc 1448855596
/afs/athena.mit.edu/user/g/r/grosas/6.111/Final_Project/bodydrums/meshed_fp/eight_img.ngc 1448855572
/afs/athena.mit.edu/user/g/r/grosas/6.111/Final_Project/bodydrums/meshed_fp/seven_img.ngc 1448855548
/afs/athena.mit.edu/user/g/r/grosas/6.111/Final_Project/bodydrums/meshed_fp/six_img.ngc 1448855525
/afs/athena.mit.edu/user/g/r/grosas/6.111/Final_Project/bodydrums/meshed_fp/five_img.ngc 1448855501
/afs/athena.mit.edu/user/g/r/grosas/6.111/Final_Project/bodydrums/meshed_fp/four_img.ngc 1448855477
/afs/athena.mit.edu/user/g/r/grosas/6.111/Final_Project/bodydrums/meshed_fp/three_img.ngc 1448855453
/afs/athena.mit.edu/user/g/r/grosas/6.111/Final_Project/bodydrums/meshed_fp/two_img.ngc 1448855429
/afs/athena.mit.edu/user/g/r/grosas/6.111/Final_Project/bodydrums/meshed_fp/one_img.ngc 1448855405
/afs/athena.mit.edu/user/g/r/grosas/6.111/Final_Project/bodydrums/meshed_fp/zero_img.ngc 1448855381
/afs/athena.mit.edu/user/g/r/grosas/6.111/Final_Project/bodydrums/meshed_fp/hud_img.ngc 1448855644
/afs/athena.mit.edu/user/g/r/grosas/6.111/Final_Project/bodydrums/meshed_fp/image_rom.ngc 1448855727
/afs/athena.mit.edu/user/g/r/grosas/6.111/Final_Project/bodydrums/meshed_fp/red_table.ngc 1448855751
/afs/athena.mit.edu/user/g/r/grosas/6.111/Final_Project/bodydrums/meshed_fp/green_table.ngc 1448855775
/afs/athena.mit.edu/user/g/r/grosas/6.111/Final_Project/bodydrums/meshed_fp/blue_table.ngc 1448855799
OK
