/afs/athena.mit.edu/user/g/r/grosas/6.111/Final_Project/bodydrums/bodydrums/labkit.ngc 1448339849
/afs/athena.mit.edu/user/g/r/grosas/6.111/Final_Project/bodydrums/bodydrums/hud_img.ngc 1448321096
/afs/athena.mit.edu/user/g/r/grosas/6.111/Final_Project/bodydrums/bodydrums/red_hud.ngc 1448321515
/afs/athena.mit.edu/user/g/r/grosas/6.111/Final_Project/bodydrums/bodydrums/image_rom.ngc 1448322306
/afs/athena.mit.edu/user/g/r/grosas/6.111/Final_Project/bodydrums/bodydrums/red_table.ngc 1448323100
/afs/athena.mit.edu/user/g/r/grosas/6.111/Final_Project/bodydrums/bodydrums/green_table.ngc 1448322471
/afs/athena.mit.edu/user/g/r/grosas/6.111/Final_Project/bodydrums/bodydrums/blue_table.ngc 1448322523
/afs/athena.mit.edu/user/g/r/grosas/6.111/Final_Project/bodydrums/bodydrums/zero_img.ngc 1448320046
/afs/athena.mit.edu/user/g/r/grosas/6.111/Final_Project/bodydrums/bodydrums/one_img.ngc 1448320111
/afs/athena.mit.edu/user/g/r/grosas/6.111/Final_Project/bodydrums/bodydrums/two_img.ngc 1448320387
/afs/athena.mit.edu/user/g/r/grosas/6.111/Final_Project/bodydrums/bodydrums/three_img.ngc 1448320543
/afs/athena.mit.edu/user/g/r/grosas/6.111/Final_Project/bodydrums/bodydrums/four_img.ngc 1448320601
/afs/athena.mit.edu/user/g/r/grosas/6.111/Final_Project/bodydrums/bodydrums/five_img.ngc 1448320648
/afs/athena.mit.edu/user/g/r/grosas/6.111/Final_Project/bodydrums/bodydrums/six_img.ngc 1448320700
/afs/athena.mit.edu/user/g/r/grosas/6.111/Final_Project/bodydrums/bodydrums/seven_img.ngc 1448320770
/afs/athena.mit.edu/user/g/r/grosas/6.111/Final_Project/bodydrums/bodydrums/eight_img.ngc 1448320818
/afs/athena.mit.edu/user/g/r/grosas/6.111/Final_Project/bodydrums/bodydrums/nine_img.ngc 1448320863
OK
