/afs/athena.mit.edu/user/g/r/grosas/6.111/Final_Project/bodydrums/bodydrums/labkit.ngc 1448925782
/afs/athena.mit.edu/user/g/r/grosas/6.111/Final_Project/bodydrums/bodydrums/red_hud.ngc 1448855668
/afs/athena.mit.edu/user/g/r/grosas/6.111/Final_Project/bodydrums/bodydrums/nine_img.ngc 1448855596
/afs/athena.mit.edu/user/g/r/grosas/6.111/Final_Project/bodydrums/bodydrums/eight_img.ngc 1448855572
/afs/athena.mit.edu/user/g/r/grosas/6.111/Final_Project/bodydrums/bodydrums/seven_img.ngc 1448855548
/afs/athena.mit.edu/user/g/r/grosas/6.111/Final_Project/bodydrums/bodydrums/six_img.ngc 1448855525
/afs/athena.mit.edu/user/g/r/grosas/6.111/Final_Project/bodydrums/bodydrums/five_img.ngc 1448855501
/afs/athena.mit.edu/user/g/r/grosas/6.111/Final_Project/bodydrums/bodydrums/four_img.ngc 1448855477
/afs/athena.mit.edu/user/g/r/grosas/6.111/Final_Project/bodydrums/bodydrums/three_img.ngc 1448855453
/afs/athena.mit.edu/user/g/r/grosas/6.111/Final_Project/bodydrums/bodydrums/two_img.ngc 1448855429
/afs/athena.mit.edu/user/g/r/grosas/6.111/Final_Project/bodydrums/bodydrums/one_img.ngc 1448855405
/afs/athena.mit.edu/user/g/r/grosas/6.111/Final_Project/bodydrums/bodydrums/zero_img.ngc 1448855381
/afs/athena.mit.edu/user/g/r/grosas/6.111/Final_Project/bodydrums/bodydrums/hud_img.ngc 1448855644
/afs/athena.mit.edu/user/g/r/grosas/6.111/Final_Project/bodydrums/bodydrums/image_rom.ngc 1448855727
/afs/athena.mit.edu/user/g/r/grosas/6.111/Final_Project/bodydrums/bodydrums/red_table.ngc 1448855751
/afs/athena.mit.edu/user/g/r/grosas/6.111/Final_Project/bodydrums/bodydrums/green_table.ngc 1448855775
/afs/athena.mit.edu/user/g/r/grosas/6.111/Final_Project/bodydrums/bodydrums/blue_table.ngc 1448855799
OK
