--------------------------------------------------------------------------------
Release 10.1.03 Trace  (lin64)
Copyright (c) 1995-2008 Xilinx, Inc.  All rights reserved.

/afs/csail.mit.edu/proj/redsocs/Xilinx10.1/ISE/bin/lin64/unwrapped/trce -ise
/afs/athena.mit.edu/user/g/e/germainm/Desktop/6.111/Lab_5/Project Files for Lab 5/lab_5/lab_5.ise
-intstyle ise -v 3 -s 4 -xml lab5 lab5.ncd -o lab5.twr lab5.pcf -ucf labkit.ucf

Design file:              lab5.ncd
Physical constraint file: lab5.pcf
Device,package,speed:     xc2v6000,bf957,-4 (PRODUCTION 1.121 2008-07-25, STEPPING level 0)
Report level:             verbose report

Environment Variable      Effect 
--------------------      ------ 
NONE                      No environment variables were set
--------------------------------------------------------------------------------

INFO:Timing:2698 - No timing constraints found, doing default enumeration.
INFO:Timing:2752 - To get complete path coverage, use the unconstrained paths 
   option. All paths that are not constrained will be reported in the 
   unconstrained paths section(s) of the report.
INFO:Timing:3339 - The clock-to-out numbers in this timing report are based on 
   a 50 Ohm transmission line loading model.  For the details of this model, 
   and for more information on accounting for different loading conditions, 
   please see the device datasheet.



Data Sheet report:
-----------------
All values displayed in nanoseconds (ns)

Setup/Hold to clock ac97_bit_clock
-------------+------------+------------+--------------------+--------+
             |  Setup to  |  Hold to   |                    | Clock  |
Source       | clk (edge) | clk (edge) |Internal Clock(s)   | Phase  |
-------------+------------+------------+--------------------+--------+
ac97_sdata_in|    1.127(F)|   -0.578(F)|analyzer1_clock_OBUF|   0.000|
-------------+------------+------------+--------------------+--------+

Setup/Hold to clock clock_27mhz
------------+------------+------------+------------------+--------+
            |  Setup to  |  Hold to   |                  | Clock  |
Source      | clk (edge) | clk (edge) |Internal Clock(s) | Phase  |
------------+------------+------------+------------------+--------+
button_down |    2.132(R)|   -0.223(R)|clock_27mhz_BUFGP |   0.000|
button_enter|    4.519(R)|   -1.888(R)|clock_27mhz_BUFGP |   0.000|
button_up   |    3.640(R)|   -1.244(R)|clock_27mhz_BUFGP |   0.000|
switch<0>   |    4.146(R)|   -1.869(R)|clock_27mhz_BUFGP |   0.000|
------------+------------+------------+------------------+--------+

Clock ac97_bit_clock to Pad
------------------+------------+--------------------+--------+
                  | clk (edge) |                    | Clock  |
Destination       |   to PAD   |Internal Clock(s)   | Phase  |
------------------+------------+--------------------+--------+
ac97_sdata_out    |   13.628(R)|analyzer1_clock_OBUF|   0.000|
ac97_synch        |   13.555(R)|analyzer1_clock_OBUF|   0.000|
analyzer1_data<1> |   18.302(R)|analyzer1_clock_OBUF|   0.000|
analyzer1_data<3> |   18.060(R)|analyzer1_clock_OBUF|   0.000|
analyzer3_data<8> |   17.119(F)|analyzer1_clock_OBUF|   0.000|
analyzer3_data<9> |   17.665(F)|analyzer1_clock_OBUF|   0.000|
analyzer3_data<10>|   17.034(F)|analyzer1_clock_OBUF|   0.000|
analyzer3_data<11>|   16.769(F)|analyzer1_clock_OBUF|   0.000|
analyzer3_data<12>|   16.693(F)|analyzer1_clock_OBUF|   0.000|
analyzer3_data<13>|   18.197(F)|analyzer1_clock_OBUF|   0.000|
analyzer3_data<14>|   16.922(F)|analyzer1_clock_OBUF|   0.000|
analyzer3_data<15>|   16.915(F)|analyzer1_clock_OBUF|   0.000|
------------------+------------+--------------------+--------+

Clock clock_27mhz to Pad
-----------------+------------+------------------+--------+
                 | clk (edge) |                  | Clock  |
Destination      |   to PAD   |Internal Clock(s) | Phase  |
-----------------+------------+------------------+--------+
analyzer1_data<0>|   13.709(R)|clock_27mhz_BUFGP |   0.000|
analyzer3_clock  |   16.873(R)|clock_27mhz_BUFGP |   0.000|
analyzer3_data<0>|   12.078(R)|clock_27mhz_BUFGP |   0.000|
analyzer3_data<1>|   12.477(R)|clock_27mhz_BUFGP |   0.000|
analyzer3_data<2>|   12.766(R)|clock_27mhz_BUFGP |   0.000|
analyzer3_data<3>|   13.291(R)|clock_27mhz_BUFGP |   0.000|
analyzer3_data<4>|   13.685(R)|clock_27mhz_BUFGP |   0.000|
analyzer3_data<5>|   13.741(R)|clock_27mhz_BUFGP |   0.000|
analyzer3_data<6>|   13.596(R)|clock_27mhz_BUFGP |   0.000|
analyzer3_data<7>|   13.379(R)|clock_27mhz_BUFGP |   0.000|
audio_reset_b    |   13.115(R)|clock_27mhz_BUFGP |   0.000|
led<0>           |   16.261(R)|clock_27mhz_BUFGP |   0.000|
led<1>           |   15.514(R)|clock_27mhz_BUFGP |   0.000|
led<2>           |   14.232(R)|clock_27mhz_BUFGP |   0.000|
led<3>           |   15.060(R)|clock_27mhz_BUFGP |   0.000|
led<4>           |   13.769(R)|clock_27mhz_BUFGP |   0.000|
led<5>           |   13.297(R)|clock_27mhz_BUFGP |   0.000|
led<6>           |   12.275(R)|clock_27mhz_BUFGP |   0.000|
led<7>           |   10.422(R)|clock_27mhz_BUFGP |   0.000|
-----------------+------------+------------------+--------+

Clock to Setup on destination clock ac97_bit_clock
---------------+---------+---------+---------+---------+
               | Src:Rise| Src:Fall| Src:Rise| Src:Fall|
Source Clock   |Dest:Rise|Dest:Rise|Dest:Fall|Dest:Fall|
---------------+---------+---------+---------+---------+
ac97_bit_clock |    9.045|         |    8.163|    3.283|
clock_27mhz    |    2.966|         |         |         |
---------------+---------+---------+---------+---------+

Clock to Setup on destination clock clock_27mhz
---------------+---------+---------+---------+---------+
               | Src:Rise| Src:Fall| Src:Rise| Src:Fall|
Source Clock   |Dest:Rise|Dest:Rise|Dest:Fall|Dest:Fall|
---------------+---------+---------+---------+---------+
ac97_bit_clock |    3.326|    4.991|         |         |
clock_27mhz    |   15.333|         |         |         |
---------------+---------+---------+---------+---------+

Pad to Pad
---------------+-----------------+---------+
Source Pad     |Destination Pad  |  Delay  |
---------------+-----------------+---------+
ac97_bit_clock |analyzer1_clock  |   17.015|
ac97_sdata_in  |analyzer1_data<2>|   14.661|
---------------+-----------------+---------+


Analysis completed Wed Nov 18 18:52:59 2015 
--------------------------------------------------------------------------------

Trace Settings:
-------------------------
Trace Settings 

Peak Memory Usage: 354 MB



