Release 10.1.03 - xst K.39 (lin64)
Copyright (c) 1995-2008 Xilinx, Inc.  All rights reserved.
--> 
Parameter TMPDIR set to /afs/athena.mit.edu/user/g/r/grosas/6.111/Final_Project/bodydrums/fft/xst/projnav.tmp


Total REAL time to Xst completion: 0.00 secs
Total CPU time to Xst completion: 0.06 secs
 
--> 
Parameter xsthdpdir set to /afs/athena.mit.edu/user/g/r/grosas/6.111/Final_Project/bodydrums/fft/xst


Total REAL time to Xst completion: 0.00 secs
Total CPU time to Xst completion: 0.06 secs
 
--> 
Reading design: fft.prj

TABLE OF CONTENTS
  1) Synthesis Options Summary
  2) HDL Compilation
  3) Design Hierarchy Analysis
  4) HDL Analysis
  5) HDL Synthesis
     5.1) HDL Synthesis Report
  6) Advanced HDL Synthesis
     6.1) Advanced HDL Synthesis Report
  7) Low Level Synthesis
  8) Partition Report
  9) Final Report
     9.1) Device utilization summary
     9.2) Partition Resource Summary
     9.3) TIMING REPORT


=========================================================================
*                      Synthesis Options Summary                        *
=========================================================================
---- Source Parameters
Input File Name                    : "fft.prj"
Input Format                       : mixed
Ignore Synthesis Constraint File   : NO

---- Target Parameters
Output File Name                   : "fft"
Output Format                      : NGC
Target Device                      : xc2v6000-4-bf957

---- Source Options
Top Module Name                    : fft
Automatic FSM Extraction           : YES
FSM Encoding Algorithm             : Auto
Safe Implementation                : No
FSM Style                          : lut
RAM Extraction                     : Yes
RAM Style                          : Auto
ROM Extraction                     : Yes
Mux Style                          : Auto
Decoder Extraction                 : YES
Priority Encoder Extraction        : YES
Shift Register Extraction          : YES
Logical Shifter Extraction         : YES
XOR Collapsing                     : YES
ROM Style                          : Auto
Mux Extraction                     : YES
Resource Sharing                   : YES
Asynchronous To Synchronous        : NO
Multiplier Style                   : auto
Automatic Register Balancing       : No

---- Target Options
Add IO Buffers                     : YES
Global Maximum Fanout              : 500
Add Generic Clock Buffer(BUFG)     : 16
Register Duplication               : YES
Slice Packing                      : YES
Optimize Instantiated Primitives   : NO
Convert Tristates To Logic         : Yes
Use Clock Enable                   : Yes
Use Synchronous Set                : Yes
Use Synchronous Reset              : Yes
Pack IO Registers into IOBs        : auto
Equivalent register Removal        : YES

---- General Options
Optimization Goal                  : Speed
Optimization Effort                : 1
Library Search Order               : fft.lso
Keep Hierarchy                     : NO
Netlist Hierarchy                  : as_optimized
RTL Output                         : Yes
Global Optimization                : AllClockNets
Read Cores                         : YES
Write Timing Constraints           : NO
Cross Clock Analysis               : NO
Hierarchy Separator                : /
Bus Delimiter                      : <>
Case Specifier                     : maintain
Slice Utilization Ratio            : 100
BRAM Utilization Ratio             : 100
Verilog 2001                       : YES
Auto BRAM Packing                  : NO
Slice Utilization Ratio Delta      : 5

=========================================================================


=========================================================================
*                          HDL Compilation                              *
=========================================================================
Compiling verilog file "grad_div.v" in library work
Compiling verilog file "fft16384u.v" in library work
Module <grad_div> compiled
Compiling verilog file "fft.v" in library work
Module <fft16384u> compiled
Module <debounce> compiled
Module <fft_audio> compiled
Module <ac97> compiled
Module <ac97commands> compiled
Module <tone750hz> compiled
Module <fft> compiled
Module <xvga> compiled
Module <process_audio> compiled
Module <sqrt> compiled
Module <column_gradient> compiled
No errors in compilation
Analysis of file <"fft.prj"> succeeded.
 

=========================================================================
*                     Design Hierarchy Analysis                         *
=========================================================================
Analyzing hierarchy for module <fft> in library <work>.

Analyzing hierarchy for module <debounce> in library <work>.

Analyzing hierarchy for module <fft_audio> in library <work>.

Analyzing hierarchy for module <process_audio> in library <work>.

Analyzing hierarchy for module <xvga> in library <work>.

Analyzing hierarchy for module <ac97> in library <work>.

Analyzing hierarchy for module <ac97commands> in library <work>.

Analyzing hierarchy for module <sqrt> in library <work> with parameters.
	MBITS = "00000000000000000000000000001110"
	NBITS = "00000000000000000000000000011100"

WARNING:Xst:2591 - "fft.v" line 723: attribute on instance <CLKFX_DIVIDE> overrides generic/parameter on entity. It is possible that simulator will not take this attribute into account.
WARNING:Xst:2591 - "fft.v" line 723: attribute on instance <CLKFX_MULTIPLY> overrides generic/parameter on entity. It is possible that simulator will not take this attribute into account.
WARNING:Xst:2591 - "fft.v" line 723: attribute on instance <CLKIN_PERIOD> overrides generic/parameter on entity. It is possible that simulator will not take this attribute into account.
WARNING:Xst:2591 - "fft.v" line 723: attribute on instance <CLK_FEEDBACK> overrides generic/parameter on entity. It is possible that simulator will not take this attribute into account.

=========================================================================
*                            HDL Analysis                               *
=========================================================================
Analyzing top module <fft>.
WARNING:Xst:2211 - "grad_div.v" line 790: Instantiating black box module <grad_div>.
Module <fft> is correct for synthesis.
 
    Set user-defined property "INIT =  FFFF" for instance <reset_sr> in unit <fft>.
    Set user-defined property "CLKDV_DIVIDE =  2.0000000000000000" for instance <vclk1> in unit <fft>.
    Set user-defined property "CLKFX_DIVIDE =  10" for instance <vclk1> in unit <fft>.
    Set user-defined property "CLKFX_MULTIPLY =  24" for instance <vclk1> in unit <fft>.
    Set user-defined property "CLKIN_DIVIDE_BY_2 =  FALSE" for instance <vclk1> in unit <fft>.
    Set user-defined property "CLKIN_PERIOD =  37.0000000000000000" for instance <vclk1> in unit <fft>.
    Set user-defined property "CLKOUT_PHASE_SHIFT =  NONE" for instance <vclk1> in unit <fft>.
    Set user-defined property "CLK_FEEDBACK =  NONE" for instance <vclk1> in unit <fft>.
    Set user-defined property "DESKEW_ADJUST =  SYSTEM_SYNCHRONOUS" for instance <vclk1> in unit <fft>.
    Set user-defined property "DFS_FREQUENCY_MODE =  LOW" for instance <vclk1> in unit <fft>.
    Set user-defined property "DLL_FREQUENCY_MODE =  LOW" for instance <vclk1> in unit <fft>.
    Set user-defined property "DSS_MODE =  NONE" for instance <vclk1> in unit <fft>.
    Set user-defined property "DUTY_CYCLE_CORRECTION =  TRUE" for instance <vclk1> in unit <fft>.
    Set user-defined property "FACTORY_JF =  C080" for instance <vclk1> in unit <fft>.
    Set user-defined property "PHASE_SHIFT =  0" for instance <vclk1> in unit <fft>.
    Set user-defined property "SIM_MODE =  SAFE" for instance <vclk1> in unit <fft>.
    Set user-defined property "STARTUP_WAIT =  FALSE" for instance <vclk1> in unit <fft>.
    Set user-defined property "INITP_00 =  0000000000000000000000000000000000000000000000000000000000000000" for instance <histogram> in unit <fft>.
    Set user-defined property "INITP_01 =  0000000000000000000000000000000000000000000000000000000000000000" for instance <histogram> in unit <fft>.
    Set user-defined property "INITP_02 =  0000000000000000000000000000000000000000000000000000000000000000" for instance <histogram> in unit <fft>.
    Set user-defined property "INITP_03 =  0000000000000000000000000000000000000000000000000000000000000000" for instance <histogram> in unit <fft>.
    Set user-defined property "INITP_04 =  0000000000000000000000000000000000000000000000000000000000000000" for instance <histogram> in unit <fft>.
    Set user-defined property "INITP_05 =  0000000000000000000000000000000000000000000000000000000000000000" for instance <histogram> in unit <fft>.
    Set user-defined property "INITP_06 =  0000000000000000000000000000000000000000000000000000000000000000" for instance <histogram> in unit <fft>.
    Set user-defined property "INITP_07 =  0000000000000000000000000000000000000000000000000000000000000000" for instance <histogram> in unit <fft>.
    Set user-defined property "INIT_00 =  0000000000000000000000000000000000000000000000000000000000000000" for instance <histogram> in unit <fft>.
    Set user-defined property "INIT_01 =  0000000000000000000000000000000000000000000000000000000000000000" for instance <histogram> in unit <fft>.
    Set user-defined property "INIT_02 =  0000000000000000000000000000000000000000000000000000000000000000" for instance <histogram> in unit <fft>.
    Set user-defined property "INIT_03 =  0000000000000000000000000000000000000000000000000000000000000000" for instance <histogram> in unit <fft>.
    Set user-defined property "INIT_04 =  0000000000000000000000000000000000000000000000000000000000000000" for instance <histogram> in unit <fft>.
    Set user-defined property "INIT_05 =  0000000000000000000000000000000000000000000000000000000000000000" for instance <histogram> in unit <fft>.
    Set user-defined property "INIT_06 =  0000000000000000000000000000000000000000000000000000000000000000" for instance <histogram> in unit <fft>.
    Set user-defined property "INIT_07 =  0000000000000000000000000000000000000000000000000000000000000000" for instance <histogram> in unit <fft>.
    Set user-defined property "INIT_08 =  0000000000000000000000000000000000000000000000000000000000000000" for instance <histogram> in unit <fft>.
    Set user-defined property "INIT_09 =  0000000000000000000000000000000000000000000000000000000000000000" for instance <histogram> in unit <fft>.
    Set user-defined property "INIT_0A =  0000000000000000000000000000000000000000000000000000000000000000" for instance <histogram> in unit <fft>.
    Set user-defined property "INIT_0B =  0000000000000000000000000000000000000000000000000000000000000000" for instance <histogram> in unit <fft>.
    Set user-defined property "INIT_0C =  0000000000000000000000000000000000000000000000000000000000000000" for instance <histogram> in unit <fft>.
    Set user-defined property "INIT_0D =  0000000000000000000000000000000000000000000000000000000000000000" for instance <histogram> in unit <fft>.
    Set user-defined property "INIT_0E =  0000000000000000000000000000000000000000000000000000000000000000" for instance <histogram> in unit <fft>.
    Set user-defined property "INIT_0F =  0000000000000000000000000000000000000000000000000000000000000000" for instance <histogram> in unit <fft>.
    Set user-defined property "INIT_10 =  0000000000000000000000000000000000000000000000000000000000000000" for instance <histogram> in unit <fft>.
    Set user-defined property "INIT_11 =  0000000000000000000000000000000000000000000000000000000000000000" for instance <histogram> in unit <fft>.
    Set user-defined property "INIT_12 =  0000000000000000000000000000000000000000000000000000000000000000" for instance <histogram> in unit <fft>.
    Set user-defined property "INIT_13 =  0000000000000000000000000000000000000000000000000000000000000000" for instance <histogram> in unit <fft>.
    Set user-defined property "INIT_14 =  0000000000000000000000000000000000000000000000000000000000000000" for instance <histogram> in unit <fft>.
    Set user-defined property "INIT_15 =  0000000000000000000000000000000000000000000000000000000000000000" for instance <histogram> in unit <fft>.
    Set user-defined property "INIT_16 =  0000000000000000000000000000000000000000000000000000000000000000" for instance <histogram> in unit <fft>.
    Set user-defined property "INIT_17 =  0000000000000000000000000000000000000000000000000000000000000000" for instance <histogram> in unit <fft>.
    Set user-defined property "INIT_18 =  0000000000000000000000000000000000000000000000000000000000000000" for instance <histogram> in unit <fft>.
    Set user-defined property "INIT_19 =  0000000000000000000000000000000000000000000000000000000000000000" for instance <histogram> in unit <fft>.
    Set user-defined property "INIT_1A =  0000000000000000000000000000000000000000000000000000000000000000" for instance <histogram> in unit <fft>.
    Set user-defined property "INIT_1B =  0000000000000000000000000000000000000000000000000000000000000000" for instance <histogram> in unit <fft>.
    Set user-defined property "INIT_1C =  0000000000000000000000000000000000000000000000000000000000000000" for instance <histogram> in unit <fft>.
    Set user-defined property "INIT_1D =  0000000000000000000000000000000000000000000000000000000000000000" for instance <histogram> in unit <fft>.
    Set user-defined property "INIT_1E =  0000000000000000000000000000000000000000000000000000000000000000" for instance <histogram> in unit <fft>.
    Set user-defined property "INIT_1F =  0000000000000000000000000000000000000000000000000000000000000000" for instance <histogram> in unit <fft>.
    Set user-defined property "INIT_20 =  0000000000000000000000000000000000000000000000000000000000000000" for instance <histogram> in unit <fft>.
    Set user-defined property "INIT_21 =  0000000000000000000000000000000000000000000000000000000000000000" for instance <histogram> in unit <fft>.
    Set user-defined property "INIT_22 =  0000000000000000000000000000000000000000000000000000000000000000" for instance <histogram> in unit <fft>.
    Set user-defined property "INIT_23 =  0000000000000000000000000000000000000000000000000000000000000000" for instance <histogram> in unit <fft>.
    Set user-defined property "INIT_24 =  0000000000000000000000000000000000000000000000000000000000000000" for instance <histogram> in unit <fft>.
    Set user-defined property "INIT_25 =  0000000000000000000000000000000000000000000000000000000000000000" for instance <histogram> in unit <fft>.
    Set user-defined property "INIT_26 =  0000000000000000000000000000000000000000000000000000000000000000" for instance <histogram> in unit <fft>.
    Set user-defined property "INIT_27 =  0000000000000000000000000000000000000000000000000000000000000000" for instance <histogram> in unit <fft>.
    Set user-defined property "INIT_28 =  0000000000000000000000000000000000000000000000000000000000000000" for instance <histogram> in unit <fft>.
    Set user-defined property "INIT_29 =  0000000000000000000000000000000000000000000000000000000000000000" for instance <histogram> in unit <fft>.
    Set user-defined property "INIT_2A =  0000000000000000000000000000000000000000000000000000000000000000" for instance <histogram> in unit <fft>.
    Set user-defined property "INIT_2B =  0000000000000000000000000000000000000000000000000000000000000000" for instance <histogram> in unit <fft>.
    Set user-defined property "INIT_2C =  0000000000000000000000000000000000000000000000000000000000000000" for instance <histogram> in unit <fft>.
    Set user-defined property "INIT_2D =  0000000000000000000000000000000000000000000000000000000000000000" for instance <histogram> in unit <fft>.
    Set user-defined property "INIT_2E =  0000000000000000000000000000000000000000000000000000000000000000" for instance <histogram> in unit <fft>.
    Set user-defined property "INIT_2F =  0000000000000000000000000000000000000000000000000000000000000000" for instance <histogram> in unit <fft>.
    Set user-defined property "INIT_30 =  0000000000000000000000000000000000000000000000000000000000000000" for instance <histogram> in unit <fft>.
    Set user-defined property "INIT_31 =  0000000000000000000000000000000000000000000000000000000000000000" for instance <histogram> in unit <fft>.
    Set user-defined property "INIT_32 =  0000000000000000000000000000000000000000000000000000000000000000" for instance <histogram> in unit <fft>.
    Set user-defined property "INIT_33 =  0000000000000000000000000000000000000000000000000000000000000000" for instance <histogram> in unit <fft>.
    Set user-defined property "INIT_34 =  0000000000000000000000000000000000000000000000000000000000000000" for instance <histogram> in unit <fft>.
    Set user-defined property "INIT_35 =  0000000000000000000000000000000000000000000000000000000000000000" for instance <histogram> in unit <fft>.
    Set user-defined property "INIT_36 =  0000000000000000000000000000000000000000000000000000000000000000" for instance <histogram> in unit <fft>.
    Set user-defined property "INIT_37 =  0000000000000000000000000000000000000000000000000000000000000000" for instance <histogram> in unit <fft>.
    Set user-defined property "INIT_38 =  0000000000000000000000000000000000000000000000000000000000000000" for instance <histogram> in unit <fft>.
    Set user-defined property "INIT_39 =  0000000000000000000000000000000000000000000000000000000000000000" for instance <histogram> in unit <fft>.
    Set user-defined property "INIT_3A =  0000000000000000000000000000000000000000000000000000000000000000" for instance <histogram> in unit <fft>.
    Set user-defined property "INIT_3B =  0000000000000000000000000000000000000000000000000000000000000000" for instance <histogram> in unit <fft>.
    Set user-defined property "INIT_3C =  0000000000000000000000000000000000000000000000000000000000000000" for instance <histogram> in unit <fft>.
    Set user-defined property "INIT_3D =  0000000000000000000000000000000000000000000000000000000000000000" for instance <histogram> in unit <fft>.
    Set user-defined property "INIT_3E =  0000000000000000000000000000000000000000000000000000000000000000" for instance <histogram> in unit <fft>.
    Set user-defined property "INIT_3F =  0000000000000000000000000000000000000000000000000000000000000000" for instance <histogram> in unit <fft>.
    Set user-defined property "INIT_A =  00000" for instance <histogram> in unit <fft>.
    Set user-defined property "INIT_B =  00000" for instance <histogram> in unit <fft>.
    Set user-defined property "SIM_COLLISION_CHECK =  ALL" for instance <histogram> in unit <fft>.
    Set user-defined property "SRVAL_A =  00000" for instance <histogram> in unit <fft>.
    Set user-defined property "SRVAL_B =  00000" for instance <histogram> in unit <fft>.
    Set user-defined property "WRITE_MODE_A =  WRITE_FIRST" for instance <histogram> in unit <fft>.
    Set user-defined property "WRITE_MODE_B =  WRITE_FIRST" for instance <histogram> in unit <fft>.
Analyzing module <debounce> in library <work>.
Module <debounce> is correct for synthesis.
 
Analyzing module <fft_audio> in library <work>.
Module <fft_audio> is correct for synthesis.
 
Analyzing module <ac97> in library <work>.
INFO:Xst:1432 - Contents of array <l_cmd_addr> may be accessed with a negative index, causing simulation mismatch.
INFO:Xst:1433 - Contents of array <l_cmd_addr> may be accessed with an index that exceeds the array size. This could cause simulation mismatch.
INFO:Xst:1432 - Contents of array <l_cmd_data> may be accessed with a negative index, causing simulation mismatch.
INFO:Xst:1433 - Contents of array <l_cmd_data> may be accessed with an index that exceeds the array size. This could cause simulation mismatch.
INFO:Xst:1432 - Contents of array <l_right_data> may be accessed with a negative index, causing simulation mismatch.
INFO:Xst:1433 - Contents of array <l_right_data> may be accessed with an index that exceeds the array size. This could cause simulation mismatch.
Module <ac97> is correct for synthesis.
 
    Set user-defined property "INIT =  0" for signal <ready> in unit <ac97>.
    Set user-defined property "INIT =  00000" for signal <left_in_data> in unit <ac97>.
    Set user-defined property "INIT =  00000" for signal <right_in_data> in unit <ac97>.
    Set user-defined property "INIT =  0" for signal <ac97_sdata_out> in unit <ac97>.
    Set user-defined property "INIT =  0" for signal <ac97_synch> in unit <ac97>.
    Set user-defined property "INIT =  0000" for signal <bit_count>.
    Set user-defined property "INIT =  0" for signal <l_left_v>.
    Set user-defined property "INIT =  0" for signal <l_right_v>.
    Set user-defined property "INIT =  0" for signal <l_cmd_v>.
Analyzing module <ac97commands> in library <work>.
Module <ac97commands> is correct for synthesis.
 
    Set user-defined property "INIT =  0" for signal <command_valid> in unit <ac97commands>.
    Set user-defined property "INIT =  0000" for signal <state>.
    Set user-defined property "INIT =  0" for signal <command>.
Analyzing module <process_audio> in library <work>.
WARNING:Xst:2211 - "fft16384u.v" line 947: Instantiating black box module <fft16384u>.
Module <process_audio> is correct for synthesis.
 
Analyzing module <sqrt> in library <work>.
	MBITS = 32'sb00000000000000000000000000001110
	NBITS = 32'sb00000000000000000000000000011100
Module <sqrt> is correct for synthesis.
 
Analyzing module <xvga> in library <work>.
Module <xvga> is correct for synthesis.
 

=========================================================================
*                           HDL Synthesis                               *
=========================================================================

Performing bidirectional port resolution...
INFO:Xst:2561 - Always blocking tristate driving signal <flash_data> in unit <fft> is removed.
INFO:Xst:2561 - Always blocking tristate driving signal <ram0_data> in unit <fft> is removed.
INFO:Xst:2561 - Always blocking tristate driving signal <user2> in unit <fft> is removed.
INFO:Xst:2561 - Always blocking tristate driving signal <user3> in unit <fft> is removed.
INFO:Xst:2561 - Always blocking tristate driving signal <user4> in unit <fft> is removed.
INFO:Xst:2561 - Always blocking tristate driving signal <ram1_data> in unit <fft> is removed.
INFO:Xst:2561 - Always blocking tristate driving signal <daughtercard> in unit <fft> is removed.
INFO:Xst:2561 - Always blocking tristate driving signal <systemace_data> in unit <fft> is removed.
INFO:Xst:2561 - Always blocking tristate driving signal <tv_in_i2c_data> in unit <fft> is removed.

Synthesizing Unit <debounce>.
    Related source file is "fft.v".
    Found 1-bit register for signal <clean>.
    Found 19-bit up counter for signal <count>.
    Found 1-bit xor2 for signal <count$xor0000> created at line 22.
    Found 1-bit register for signal <new>.
    Summary:
	inferred   1 Counter(s).
	inferred   2 D-type flip-flop(s).
Unit <debounce> synthesized.


Synthesizing Unit <xvga>.
    Related source file is "fft.v".
    Found 10-bit up counter for signal <vcount>.
    Found 1-bit register for signal <vsync>.
    Found 11-bit up counter for signal <hcount>.
    Found 1-bit register for signal <blank>.
    Found 1-bit register for signal <hsync>.
    Found 1-bit register for signal <hblank>.
    Found 1-bit register for signal <vblank>.
    Summary:
	inferred   2 Counter(s).
	inferred   5 D-type flip-flop(s).
Unit <xvga> synthesized.


Synthesizing Unit <ac97>.
    Related source file is "fft.v".
    Register <l_right_v> equivalent to <l_left_v> has been removed
    Found 20-bit register for signal <left_in_data>.
    Found 1-bit register for signal <ac97_synch>.
    Found 1-bit register for signal <ac97_sdata_out>.
    Found 20-bit register for signal <right_in_data>.
    Found 1-bit register for signal <ready>.
    Found 1-bit 20-to-1 multiplexer for signal <$varindex0000> created at line 203.
    Found 1-bit 20-to-1 multiplexer for signal <$varindex0001> created at line 207.
    Found 1-bit 20-to-1 multiplexer for signal <$varindex0002> created at line 217.
    Found 8-bit comparator greatequal for signal <ac97_sdata_out$cmp_ge0000> created at line 215.
    Found 8-bit comparator lessequal for signal <ac97_sdata_out$cmp_le0000> created at line 215.
    Found 8-bit up counter for signal <bit_count>.
    Found 20-bit register for signal <l_cmd_addr>.
    Found 20-bit register for signal <l_cmd_data>.
    Found 1-bit register for signal <l_cmd_v>.
    Found 20-bit register for signal <l_left_data>.
    Found 8-bit comparator greatequal for signal <l_left_data$cmp_ge0000> created at line 201.
    Found 8-bit comparator greatequal for signal <l_left_data$cmp_ge0001> created at line 205.
    Found 8-bit comparator greatequal for signal <l_left_data$cmp_ge0002> created at line 209.
    Found 8-bit comparator greater for signal <l_left_data$cmp_gt0000> created at line 209.
    Found 8-bit comparator greater for signal <l_left_data$cmp_gt0001> created at line 205.
    Found 8-bit comparator greater for signal <l_left_data$cmp_gt0002> created at line 201.
    Found 8-bit comparator lessequal for signal <l_left_data$cmp_le0000> created at line 190.
    Found 8-bit comparator lessequal for signal <l_left_data$cmp_le0001> created at line 201.
    Found 8-bit comparator lessequal for signal <l_left_data$cmp_le0002> created at line 205.
    Found 8-bit comparator lessequal for signal <l_left_data$cmp_le0003> created at line 209.
    Found 8-bit comparator less for signal <l_left_data$cmp_lt0000> created at line 209.
    Found 8-bit comparator less for signal <l_left_data$cmp_lt0001> created at line 205.
    Found 8-bit comparator less for signal <l_left_data$cmp_lt0002> created at line 201.
    Found 1-bit register for signal <l_left_v>.
    Found 20-bit register for signal <l_right_data>.
    Found 8-bit comparator greatequal for signal <left_in_data$cmp_ge0000> created at line 226.
    Found 8-bit comparator lessequal for signal <left_in_data$cmp_le0000> created at line 226.
    Found 8-bit comparator greater for signal <right_in_data$cmp_gt0000> created at line 229.
    Found 8-bit comparator less for signal <right_in_data$cmp_lt0000> created at line 229.
    Summary:
	inferred   1 Counter(s).
	inferred 125 D-type flip-flop(s).
	inferred   3 Adder/Subtractor(s).
	inferred  19 Comparator(s).
	inferred   3 Multiplexer(s).
Unit <ac97> synthesized.


Synthesizing Unit <ac97commands>.
    Related source file is "fft.v".
    Found 1-bit register for signal <command_valid>.
    Found 24-bit register for signal <command>.
    Found 4-bit up counter for signal <state>.
    Found 5-bit adder for signal <vol>.
    Summary:
	inferred   1 Counter(s).
	inferred  25 D-type flip-flop(s).
	inferred   1 Adder/Subtractor(s).
Unit <ac97commands> synthesized.


Synthesizing Unit <sqrt>.
    Related source file is "fft.v".
    Found 14-bit register for signal <answer>.
    Found 28-bit comparator greater for signal <answer$cmp_gt0000> created at line 1014.
    Found 14x14-bit multiplier for signal <answer$mult0000> created at line 1014.
    Found 5-bit register for signal <bit>.
    Found 5-bit subtractor for signal <bit$addsub0000> created at line 1013.
    Found 1-bit register for signal <busy>.
    Summary:
	inferred  20 D-type flip-flop(s).
	inferred   1 Adder/Subtractor(s).
	inferred   1 Multiplier(s).
	inferred   1 Comparator(s).
	inferred   1 Combinational logic shifter(s).
Unit <sqrt> synthesized.


Synthesizing Unit <fft_audio>.
    Related source file is "fft.v".
WARNING:Xst:646 - Signal <right_in_data> is assigned but never used. This unconnected signal will be trimmed during the optimization process.
WARNING:Xst:646 - Signal <left_in_data<3:0>> is assigned but never used. This unconnected signal will be trimmed during the optimization process.
    Found 1-bit register for signal <audio_reset_b>.
    Found 16-bit register for signal <out_data>.
    Found 3-bit register for signal <ready_sync>.
    Found 10-bit up counter for signal <reset_count>.
    Summary:
	inferred   1 Counter(s).
	inferred  20 D-type flip-flop(s).
Unit <fft_audio> synthesized.


Synthesizing Unit <process_audio>.
    Related source file is "fft.v".
WARNING:Xst:647 - Input <from_ac97_data<3:0>> is never used. This port will be preserved and left unconnected if it belongs to a top-level block or it belongs to a sub-block and the hierarchy of this sub-block is preserved.
WARNING:Xst:646 - Signal <mag<13:10>> is assigned but never used. This unconnected signal will be trimmed during the optimization process.
    Found finite state machine <FSM_0> for signal <state>.
    -----------------------------------------------------------------------
    | States             | 4                                              |
    | Transitions        | 7                                              |
    | Inputs             | 3                                              |
    | Outputs            | 4                                              |
    | Clock              | clock_27mhz (rising_edge)                      |
    | Reset              | reset (positive)                               |
    | Reset type         | synchronous                                    |
    | Reset State        | 000                                            |
    | Encoding           | automatic                                      |
    | Implementation     | LUT                                            |
    -----------------------------------------------------------------------
    Found 10-bit register for signal <haddr>.
    Found 1-bit register for signal <hwe>.
    Found 28-bit register for signal <imim>.
    Found 14x14-bit multiplier for signal <imim$mult0000> created at line 975.
    Found 28-bit register for signal <mag2>.
    Found 28-bit adder for signal <mag2$add0000> created at line 979.
    Found 28-bit register for signal <rere>.
    Found 14x14-bit multiplier for signal <rere$mult0000> created at line 974.
    Found 23-bit shifter logical right for signal <xk_im_scaled$shift0000> created at line 953.
    Found 23-bit shifter logical right for signal <xk_re_scaled$shift0000> created at line 952.
    Summary:
	inferred   1 Finite State Machine(s).
	inferred  95 D-type flip-flop(s).
	inferred   1 Adder/Subtractor(s).
	inferred   2 Multiplier(s).
	inferred   2 Combinational logic shifter(s).
Unit <process_audio> synthesized.


Synthesizing Unit <fft>.
    Related source file is "fft.v".
WARNING:Xst:2565 - Inout <user3<28>> is never assigned.
WARNING:Xst:2565 - Inout <user3<4>> is never assigned.
WARNING:Xst:2565 - Inout <user3<29>> is never assigned.
WARNING:Xst:2565 - Inout <user3<5>> is never assigned.
WARNING:Xst:647 - Input <button0> is never used. This port will be preserved and left unconnected if it belongs to a top-level block or it belongs to a sub-block and the hierarchy of this sub-block is preserved.
WARNING:Xst:647 - Input <button1> is never used. This port will be preserved and left unconnected if it belongs to a top-level block or it belongs to a sub-block and the hierarchy of this sub-block is preserved.
WARNING:Xst:647 - Input <button2> is never used. This port will be preserved and left unconnected if it belongs to a top-level block or it belongs to a sub-block and the hierarchy of this sub-block is preserved.
WARNING:Xst:647 - Input <button3> is never used. This port will be preserved and left unconnected if it belongs to a top-level block or it belongs to a sub-block and the hierarchy of this sub-block is preserved.
WARNING:Xst:2565 - Inout <user3<6>> is never assigned.
WARNING:Xst:2565 - Inout <user3<7>> is never assigned.
WARNING:Xst:2565 - Inout <user3<8>> is never assigned.
WARNING:Xst:2565 - Inout <user3<9>> is never assigned.
WARNING:Xst:2565 - Inout <daughtercard<10>> is never assigned.
WARNING:Xst:2565 - Inout <flash_data<10>> is never assigned.
WARNING:Xst:2565 - Inout <daughtercard<11>> is never assigned.
WARNING:Xst:2565 - Inout <flash_data<11>> is never assigned.
WARNING:Xst:647 - Input <clock1> is never used. This port will be preserved and left unconnected if it belongs to a top-level block or it belongs to a sub-block and the hierarchy of this sub-block is preserved.
WARNING:Xst:647 - Input <clock2> is never used. This port will be preserved and left unconnected if it belongs to a top-level block or it belongs to a sub-block and the hierarchy of this sub-block is preserved.
WARNING:Xst:2565 - Inout <daughtercard<12>> is never assigned.
WARNING:Xst:2565 - Inout <flash_data<12>> is never assigned.
WARNING:Xst:2565 - Inout <daughtercard<13>> is never assigned.
WARNING:Xst:2565 - Inout <flash_data<13>> is never assigned.
WARNING:Xst:647 - Input <tv_in_aef> is never used. This port will be preserved and left unconnected if it belongs to a top-level block or it belongs to a sub-block and the hierarchy of this sub-block is preserved.
WARNING:Xst:2565 - Inout <daughtercard<14>> is never assigned.
WARNING:Xst:2565 - Inout <flash_data<14>> is never assigned.
WARNING:Xst:647 - Input <tv_in_aff> is never used. This port will be preserved and left unconnected if it belongs to a top-level block or it belongs to a sub-block and the hierarchy of this sub-block is preserved.
WARNING:Xst:2565 - Inout <daughtercard<15>> is never assigned.
WARNING:Xst:2565 - Inout <daughtercard<20>> is never assigned.
WARNING:Xst:2565 - Inout <flash_data<15>> is never assigned.
WARNING:Xst:2565 - Inout <daughtercard<21>> is never assigned.
WARNING:Xst:2565 - Inout <daughtercard<16>> is never assigned.
WARNING:Xst:2565 - Inout <daughtercard<22>> is never assigned.
WARNING:Xst:2565 - Inout <daughtercard<17>> is never assigned.
WARNING:Xst:647 - Input <systemace_irq> is never used. This port will be preserved and left unconnected if it belongs to a top-level block or it belongs to a sub-block and the hierarchy of this sub-block is preserved.
WARNING:Xst:2565 - Inout <daughtercard<18>> is never assigned.
WARNING:Xst:2565 - Inout <daughtercard<23>> is never assigned.
WARNING:Xst:2565 - Inout <flash_data<0>> is never assigned.
WARNING:Xst:647 - Input <clock_feedback_in> is never used. This port will be preserved and left unconnected if it belongs to a top-level block or it belongs to a sub-block and the hierarchy of this sub-block is preserved.
WARNING:Xst:2565 - Inout <daughtercard<19>> is never assigned.
WARNING:Xst:2565 - Inout <daughtercard<24>> is never assigned.
WARNING:Xst:2565 - Inout <flash_data<1>> is never assigned.
WARNING:Xst:647 - Input <disp_data_in> is never used. This port will be preserved and left unconnected if it belongs to a top-level block or it belongs to a sub-block and the hierarchy of this sub-block is preserved.
WARNING:Xst:2565 - Inout <user2<10>> is never assigned.
WARNING:Xst:2565 - Inout <daughtercard<25>> is never assigned.
WARNING:Xst:2565 - Inout <daughtercard<30>> is never assigned.
WARNING:Xst:2565 - Inout <flash_data<2>> is never assigned.
WARNING:Xst:2565 - Inout <user2<11>> is never assigned.
WARNING:Xst:2565 - Inout <daughtercard<31>> is never assigned.
WARNING:Xst:2565 - Inout <daughtercard<26>> is never assigned.
WARNING:Xst:2565 - Inout <flash_data<3>> is never assigned.
WARNING:Xst:2565 - Inout <user2<12>> is never assigned.
WARNING:Xst:2565 - Inout <daughtercard<32>> is never assigned.
WARNING:Xst:2565 - Inout <daughtercard<27>> is never assigned.
WARNING:Xst:2565 - Inout <flash_data<4>> is never assigned.
WARNING:Xst:2565 - Inout <user2<13>> is never assigned.
WARNING:Xst:2565 - Inout <daughtercard<33>> is never assigned.
WARNING:Xst:2565 - Inout <daughtercard<28>> is never assigned.
WARNING:Xst:2565 - Inout <flash_data<5>> is never assigned.
WARNING:Xst:2565 - Inout <user4<0>> is never assigned.
WARNING:Xst:2565 - Inout <user2<14>> is never assigned.
WARNING:Xst:2565 - Inout <daughtercard<34>> is never assigned.
WARNING:Xst:2565 - Inout <daughtercard<29>> is never assigned.
WARNING:Xst:2565 - Inout <flash_data<6>> is never assigned.
WARNING:Xst:2565 - Inout <user4<1>> is never assigned.
WARNING:Xst:2565 - Inout <user2<15>> is never assigned.
WARNING:Xst:2565 - Inout <user2<20>> is never assigned.
WARNING:Xst:2565 - Inout <daughtercard<40>> is never assigned.
WARNING:Xst:2565 - Inout <daughtercard<35>> is never assigned.
WARNING:Xst:2565 - Inout <flash_data<7>> is never assigned.
WARNING:Xst:2565 - Inout <user4<2>> is never assigned.
WARNING:Xst:2565 - Inout <user2<21>> is never assigned.
WARNING:Xst:2565 - Inout <user2<16>> is never assigned.
WARNING:Xst:2565 - Inout <daughtercard<41>> is never assigned.
WARNING:Xst:2565 - Inout <daughtercard<36>> is never assigned.
WARNING:Xst:2565 - Inout <flash_data<8>> is never assigned.
WARNING:Xst:2565 - Inout <user1<0>> is never assigned.
WARNING:Xst:2565 - Inout <user4<3>> is never assigned.
WARNING:Xst:2565 - Inout <user2<17>> is never assigned.
WARNING:Xst:2565 - Inout <user2<22>> is never assigned.
WARNING:Xst:647 - Input <button_enter> is never used. This port will be preserved and left unconnected if it belongs to a top-level block or it belongs to a sub-block and the hierarchy of this sub-block is preserved.
WARNING:Xst:2565 - Inout <daughtercard<37>> is never assigned.
WARNING:Xst:2565 - Inout <daughtercard<42>> is never assigned.
WARNING:Xst:2565 - Inout <flash_data<9>> is never assigned.
WARNING:Xst:2565 - Inout <user1<1>> is never assigned.
WARNING:Xst:2565 - Inout <user4<4>> is never assigned.
WARNING:Xst:2565 - Inout <user2<23>> is never assigned.
WARNING:Xst:2565 - Inout <user2<18>> is never assigned.
WARNING:Xst:647 - Input <keyboard_clock> is never used. This port will be preserved and left unconnected if it belongs to a top-level block or it belongs to a sub-block and the hierarchy of this sub-block is preserved.
WARNING:Xst:2565 - Inout <daughtercard<38>> is never assigned.
WARNING:Xst:2565 - Inout <daughtercard<43>> is never assigned.
WARNING:Xst:2565 - Inout <user1<2>> is never assigned.
WARNING:Xst:2565 - Inout <user4<5>> is never assigned.
WARNING:Xst:2565 - Inout <user2<24>> is never assigned.
WARNING:Xst:2565 - Inout <user2<19>> is never assigned.
WARNING:Xst:2565 - Inout <daughtercard<39>> is never assigned.
WARNING:Xst:2565 - Inout <user1<3>> is never assigned.
WARNING:Xst:2565 - Inout <tv_in_i2c_data> is never assigned.
WARNING:Xst:2565 - Inout <user4<6>> is never assigned.
WARNING:Xst:2565 - Inout <user2<30>> is never assigned.
WARNING:Xst:2565 - Inout <user2<25>> is never assigned.
WARNING:Xst:2565 - Inout <user1<4>> is never assigned.
WARNING:Xst:2565 - Inout <user4<7>> is never assigned.
WARNING:Xst:2565 - Inout <user2<26>> is never assigned.
WARNING:Xst:2565 - Inout <user2<31>> is never assigned.
WARNING:Xst:2565 - Inout <user1<5>> is never assigned.
WARNING:Xst:647 - Input <flash_sts> is never used. This port will be preserved and left unconnected if it belongs to a top-level block or it belongs to a sub-block and the hierarchy of this sub-block is preserved.
WARNING:Xst:2565 - Inout <user4<8>> is never assigned.
WARNING:Xst:647 - Input <rs232_rxd> is never used. This port will be preserved and left unconnected if it belongs to a top-level block or it belongs to a sub-block and the hierarchy of this sub-block is preserved.
WARNING:Xst:2565 - Inout <user2<27>> is never assigned.
WARNING:Xst:2565 - Inout <user1<6>> is never assigned.
WARNING:Xst:2565 - Inout <user4<9>> is never assigned.
WARNING:Xst:2565 - Inout <user2<28>> is never assigned.
WARNING:Xst:647 - Input <mouse_data> is never used. This port will be preserved and left unconnected if it belongs to a top-level block or it belongs to a sub-block and the hierarchy of this sub-block is preserved.
WARNING:Xst:2565 - Inout <user1<7>> is never assigned.
WARNING:Xst:647 - Input <rs232_cts> is never used. This port will be preserved and left unconnected if it belongs to a top-level block or it belongs to a sub-block and the hierarchy of this sub-block is preserved.
WARNING:Xst:2565 - Inout <user2<29>> is never assigned.
WARNING:Xst:2565 - Inout <user1<8>> is never assigned.
WARNING:Xst:2565 - Inout <user1<9>> is never assigned.
WARNING:Xst:2565 - Inout <daughtercard<0>> is never assigned.
WARNING:Xst:2565 - Inout <user4<10>> is never assigned.
WARNING:Xst:2565 - Inout <daughtercard<1>> is never assigned.
WARNING:Xst:647 - Input <switch<3:2>> is never used. This port will be preserved and left unconnected if it belongs to a top-level block or it belongs to a sub-block and the hierarchy of this sub-block is preserved.
WARNING:Xst:2565 - Inout <user4<11>> is never assigned.
WARNING:Xst:2565 - Inout <daughtercard<2>> is never assigned.
WARNING:Xst:2565 - Inout <user4<12>> is never assigned.
WARNING:Xst:2565 - Inout <daughtercard<3>> is never assigned.
WARNING:Xst:2565 - Inout <user4<13>> is never assigned.
WARNING:Xst:2565 - Inout <daughtercard<4>> is never assigned.
WARNING:Xst:2565 - Inout <user4<14>> is never assigned.
WARNING:Xst:2565 - Inout <daughtercard<5>> is never assigned.
WARNING:Xst:2565 - Inout <user4<20>> is never assigned.
WARNING:Xst:2565 - Inout <user4<15>> is never assigned.
WARNING:Xst:2565 - Inout <daughtercard<6>> is never assigned.
WARNING:Xst:2565 - Inout <ram0_data<0>> is never assigned.
WARNING:Xst:2565 - Inout <user4<16>> is never assigned.
WARNING:Xst:2565 - Inout <user4<21>> is never assigned.
WARNING:Xst:2565 - Inout <ram1_data<10>> is never assigned.
WARNING:Xst:2565 - Inout <daughtercard<7>> is never assigned.
WARNING:Xst:2565 - Inout <ram0_data<1>> is never assigned.
WARNING:Xst:2565 - Inout <user4<22>> is never assigned.
WARNING:Xst:2565 - Inout <user4<17>> is never assigned.
WARNING:Xst:2565 - Inout <ram1_data<11>> is never assigned.
WARNING:Xst:2565 - Inout <daughtercard<8>> is never assigned.
WARNING:Xst:2565 - Inout <ram0_data<2>> is never assigned.
WARNING:Xst:2565 - Inout <user4<23>> is never assigned.
WARNING:Xst:2565 - Inout <user4<18>> is never assigned.
WARNING:Xst:647 - Input <button_left> is never used. This port will be preserved and left unconnected if it belongs to a top-level block or it belongs to a sub-block and the hierarchy of this sub-block is preserved.
WARNING:Xst:2565 - Inout <ram1_data<12>> is never assigned.
WARNING:Xst:2565 - Inout <daughtercard<9>> is never assigned.
WARNING:Xst:2565 - Inout <ram0_data<3>> is never assigned.
WARNING:Xst:2565 - Inout <user4<19>> is never assigned.
WARNING:Xst:2565 - Inout <user4<24>> is never assigned.
WARNING:Xst:2565 - Inout <ram1_data<13>> is never assigned.
WARNING:Xst:2565 - Inout <systemace_data<0>> is never assigned.
WARNING:Xst:2565 - Inout <ram0_data<4>> is never assigned.
WARNING:Xst:2565 - Inout <user4<30>> is never assigned.
WARNING:Xst:2565 - Inout <user4<25>> is never assigned.
WARNING:Xst:2565 - Inout <ram1_data<14>> is never assigned.
WARNING:Xst:2565 - Inout <systemace_data<1>> is never assigned.
WARNING:Xst:2565 - Inout <ram0_data<5>> is never assigned.
WARNING:Xst:2565 - Inout <user4<26>> is never assigned.
WARNING:Xst:2565 - Inout <user4<31>> is never assigned.
WARNING:Xst:2565 - Inout <ram1_data<20>> is never assigned.
WARNING:Xst:2565 - Inout <systemace_data<2>> is never assigned.
WARNING:Xst:2565 - Inout <ram1_data<15>> is never assigned.
WARNING:Xst:2565 - Inout <ram0_data<6>> is never assigned.
WARNING:Xst:2565 - Inout <user4<27>> is never assigned.
WARNING:Xst:2565 - Inout <systemace_data<3>> is never assigned.
WARNING:Xst:2565 - Inout <ram1_data<16>> is never assigned.
WARNING:Xst:2565 - Inout <ram1_data<21>> is never assigned.
WARNING:Xst:2565 - Inout <ram0_data<7>> is never assigned.
WARNING:Xst:647 - Input <tv_in_data_valid> is never used. This port will be preserved and left unconnected if it belongs to a top-level block or it belongs to a sub-block and the hierarchy of this sub-block is preserved.
WARNING:Xst:2565 - Inout <user4<28>> is never assigned.
WARNING:Xst:2565 - Inout <ram1_data<22>> is never assigned.
WARNING:Xst:2565 - Inout <systemace_data<4>> is never assigned.
WARNING:Xst:2565 - Inout <ram1_data<17>> is never assigned.
WARNING:Xst:647 - Input <tv_in_hff> is never used. This port will be preserved and left unconnected if it belongs to a top-level block or it belongs to a sub-block and the hierarchy of this sub-block is preserved.
WARNING:Xst:2565 - Inout <ram0_data<8>> is never assigned.
WARNING:Xst:2565 - Inout <user1<10>> is never assigned.
WARNING:Xst:2565 - Inout <user4<29>> is never assigned.
WARNING:Xst:2565 - Inout <ram1_data<23>> is never assigned.
WARNING:Xst:2565 - Inout <systemace_data<5>> is never assigned.
WARNING:Xst:2565 - Inout <ram1_data<18>> is never assigned.
WARNING:Xst:2565 - Inout <ram0_data<9>> is never assigned.
WARNING:Xst:2565 - Inout <user2<0>> is never assigned.
WARNING:Xst:2565 - Inout <user1<11>> is never assigned.
WARNING:Xst:647 - Input <tv_in_ycrcb> is never used. This port will be preserved and left unconnected if it belongs to a top-level block or it belongs to a sub-block and the hierarchy of this sub-block is preserved.
WARNING:Xst:2565 - Inout <ram0_data<10>> is never assigned.
WARNING:Xst:2565 - Inout <ram1_data<24>> is never assigned.
WARNING:Xst:2565 - Inout <systemace_data<6>> is never assigned.
WARNING:Xst:2565 - Inout <ram1_data<19>> is never assigned.
WARNING:Xst:2565 - Inout <user2<1>> is never assigned.
WARNING:Xst:2565 - Inout <user1<12>> is never assigned.
WARNING:Xst:2565 - Inout <ram0_data<11>> is never assigned.
WARNING:Xst:2565 - Inout <systemace_data<7>> is never assigned.
WARNING:Xst:2565 - Inout <ram1_data<25>> is never assigned.
WARNING:Xst:2565 - Inout <ram1_data<30>> is never assigned.
WARNING:Xst:2565 - Inout <user1<13>> is never assigned.
WARNING:Xst:2565 - Inout <user2<2>> is never assigned.
WARNING:Xst:2565 - Inout <ram0_data<12>> is never assigned.
WARNING:Xst:2565 - Inout <ram1_data<31>> is never assigned.
WARNING:Xst:2565 - Inout <systemace_data<8>> is never assigned.
WARNING:Xst:2565 - Inout <ram1_data<26>> is never assigned.
WARNING:Xst:2565 - Inout <user2<3>> is never assigned.
WARNING:Xst:2565 - Inout <user1<14>> is never assigned.
WARNING:Xst:2565 - Inout <ram0_data<13>> is never assigned.
WARNING:Xst:2565 - Inout <ram1_data<32>> is never assigned.
WARNING:Xst:2565 - Inout <systemace_data<9>> is never assigned.
WARNING:Xst:2565 - Inout <ram1_data<27>> is never assigned.
WARNING:Xst:2565 - Inout <user2<4>> is never assigned.
WARNING:Xst:2565 - Inout <user1<15>> is never assigned.
WARNING:Xst:2565 - Inout <user1<20>> is never assigned.
WARNING:Xst:2565 - Inout <ram0_data<14>> is never assigned.
WARNING:Xst:647 - Input <tv_in_line_clock1> is never used. This port will be preserved and left unconnected if it belongs to a top-level block or it belongs to a sub-block and the hierarchy of this sub-block is preserved.
WARNING:Xst:2565 - Inout <ram1_data<28>> is never assigned.
WARNING:Xst:2565 - Inout <ram1_data<33>> is never assigned.
WARNING:Xst:647 - Input <tv_in_line_clock2> is never used. This port will be preserved and left unconnected if it belongs to a top-level block or it belongs to a sub-block and the hierarchy of this sub-block is preserved.
WARNING:Xst:2565 - Inout <ram1_data<0>> is never assigned.
WARNING:Xst:2565 - Inout <user1<16>> is never assigned.
WARNING:Xst:2565 - Inout <user2<5>> is never assigned.
WARNING:Xst:2565 - Inout <user1<21>> is never assigned.
WARNING:Xst:2565 - Inout <ram0_data<20>> is never assigned.
WARNING:Xst:2565 - Inout <ram0_data<15>> is never assigned.
WARNING:Xst:2565 - Inout <ram1_data<29>> is never assigned.
WARNING:Xst:2565 - Inout <ram1_data<34>> is never assigned.
WARNING:Xst:647 - Input <keyboard_data> is never used. This port will be preserved and left unconnected if it belongs to a top-level block or it belongs to a sub-block and the hierarchy of this sub-block is preserved.
WARNING:Xst:2565 - Inout <ram1_data<1>> is never assigned.
WARNING:Xst:2565 - Inout <user1<17>> is never assigned.
WARNING:Xst:2565 - Inout <user2<6>> is never assigned.
WARNING:Xst:2565 - Inout <user1<22>> is never assigned.
WARNING:Xst:2565 - Inout <ram0_data<21>> is never assigned.
WARNING:Xst:2565 - Inout <ram0_data<16>> is never assigned.
WARNING:Xst:2565 - Inout <ram1_data<35>> is never assigned.
WARNING:Xst:2565 - Inout <ram1_data<2>> is never assigned.
WARNING:Xst:2565 - Inout <user1<18>> is never assigned.
WARNING:Xst:2565 - Inout <user2<7>> is never assigned.
WARNING:Xst:2565 - Inout <user1<23>> is never assigned.
WARNING:Xst:2565 - Inout <ram0_data<22>> is never assigned.
WARNING:Xst:2565 - Inout <ram0_data<17>> is never assigned.
WARNING:Xst:2565 - Inout <ram1_data<3>> is never assigned.
WARNING:Xst:2565 - Inout <systemace_data<10>> is never assigned.
WARNING:Xst:2565 - Inout <user1<24>> is never assigned.
WARNING:Xst:2565 - Inout <user2<8>> is never assigned.
WARNING:Xst:2565 - Inout <user1<19>> is never assigned.
WARNING:Xst:2565 - Inout <ram0_data<23>> is never assigned.
WARNING:Xst:2565 - Inout <ram0_data<18>> is never assigned.
WARNING:Xst:2565 - Inout <ram1_data<4>> is never assigned.
WARNING:Xst:2565 - Inout <systemace_data<11>> is never assigned.
WARNING:Xst:2565 - Inout <user1<25>> is never assigned.
WARNING:Xst:2565 - Inout <user2<9>> is never assigned.
WARNING:Xst:2565 - Inout <user1<30>> is never assigned.
WARNING:Xst:2565 - Inout <ram0_data<24>> is never assigned.
WARNING:Xst:2565 - Inout <ram0_data<19>> is never assigned.
WARNING:Xst:2565 - Inout <ram1_data<5>> is never assigned.
WARNING:Xst:2565 - Inout <systemace_data<12>> is never assigned.
WARNING:Xst:2565 - Inout <user1<26>> is never assigned.
WARNING:Xst:2565 - Inout <user1<31>> is never assigned.
WARNING:Xst:2565 - Inout <ram0_data<25>> is never assigned.
WARNING:Xst:2565 - Inout <ram0_data<30>> is never assigned.
WARNING:Xst:2565 - Inout <ram1_data<6>> is never assigned.
WARNING:Xst:2565 - Inout <systemace_data<13>> is never assigned.
WARNING:Xst:2565 - Inout <user1<27>> is never assigned.
WARNING:Xst:2565 - Inout <ram0_data<31>> is never assigned.
WARNING:Xst:2565 - Inout <ram0_data<26>> is never assigned.
WARNING:Xst:2565 - Inout <ram1_data<7>> is never assigned.
WARNING:Xst:2565 - Inout <systemace_data<14>> is never assigned.
WARNING:Xst:2565 - Inout <user1<28>> is never assigned.
WARNING:Xst:2565 - Inout <ram0_data<32>> is never assigned.
WARNING:Xst:2565 - Inout <ram0_data<27>> is never assigned.
WARNING:Xst:2565 - Inout <ram1_data<8>> is never assigned.
WARNING:Xst:2565 - Inout <systemace_data<15>> is never assigned.
WARNING:Xst:2565 - Inout <user1<29>> is never assigned.
WARNING:Xst:2565 - Inout <ram0_data<28>> is never assigned.
WARNING:Xst:2565 - Inout <ram0_data<33>> is never assigned.
WARNING:Xst:647 - Input <systemace_mpbrdy> is never used. This port will be preserved and left unconnected if it belongs to a top-level block or it belongs to a sub-block and the hierarchy of this sub-block is preserved.
WARNING:Xst:2565 - Inout <ram1_data<9>> is never assigned.
WARNING:Xst:647 - Input <button_right> is never used. This port will be preserved and left unconnected if it belongs to a top-level block or it belongs to a sub-block and the hierarchy of this sub-block is preserved.
WARNING:Xst:2565 - Inout <ram0_data<34>> is never assigned.
WARNING:Xst:2565 - Inout <ram0_data<29>> is never assigned.
WARNING:Xst:2565 - Inout <ram0_data<35>> is never assigned.
WARNING:Xst:2565 - Inout <user3<10>> is never assigned.
WARNING:Xst:647 - Input <mouse_clock> is never used. This port will be preserved and left unconnected if it belongs to a top-level block or it belongs to a sub-block and the hierarchy of this sub-block is preserved.
WARNING:Xst:2565 - Inout <user3<11>> is never assigned.
WARNING:Xst:2565 - Inout <user3<12>> is never assigned.
WARNING:Xst:2565 - Inout <user3<13>> is never assigned.
WARNING:Xst:2565 - Inout <user3<14>> is never assigned.
WARNING:Xst:2565 - Inout <user3<20>> is never assigned.
WARNING:Xst:2565 - Inout <user3<15>> is never assigned.
WARNING:Xst:2565 - Inout <user3<21>> is never assigned.
WARNING:Xst:2565 - Inout <user3<16>> is never assigned.
WARNING:Xst:2565 - Inout <user3<22>> is never assigned.
WARNING:Xst:2565 - Inout <user3<17>> is never assigned.
WARNING:Xst:2565 - Inout <user3<23>> is never assigned.
WARNING:Xst:2565 - Inout <user3<18>> is never assigned.
WARNING:Xst:2565 - Inout <user3<24>> is never assigned.
WARNING:Xst:2565 - Inout <user3<19>> is never assigned.
WARNING:Xst:2565 - Inout <user3<0>> is never assigned.
WARNING:Xst:2565 - Inout <user3<30>> is never assigned.
WARNING:Xst:2565 - Inout <user3<25>> is never assigned.
WARNING:Xst:2565 - Inout <user3<1>> is never assigned.
WARNING:Xst:2565 - Inout <user3<26>> is never assigned.
WARNING:Xst:2565 - Inout <user3<31>> is never assigned.
WARNING:Xst:2565 - Inout <user3<2>> is never assigned.
WARNING:Xst:2565 - Inout <user3<27>> is never assigned.
WARNING:Xst:2565 - Inout <user3<3>> is never assigned.
WARNING:Xst:1780 - Signal <sel> is never used or assigned. This unconnected signal will be trimmed during the optimization process.
WARNING:Xst:646 - Signal <quotient<17:8>> is assigned but never used. This unconnected signal will be trimmed during the optimization process.
WARNING:Xst:646 - Signal <dout<15:10>> is assigned but never used. This unconnected signal will be trimmed during the optimization process.
    Found 1-bit register for signal <b>.
    Found 1-bit 4-to-1 multiplexer for signal <b$mux0000>.
    Found 10x8-bit multiplier for signal <dividend>.
    Found 10-bit comparator greater for signal <divisor$cmp_gt0000> created at line 788.
    Found 8-bit register for signal <grad_color>.
    Found 8-bit adder for signal <grad_color$sub0000> created at line 805.
    Found 1-bit register for signal <hs>.
    Found 1-bit 4-to-1 multiplexer for signal <hs$mux0000>.
    Found 1-bit register for signal <old_vdown>.
    Found 1-bit register for signal <old_vup>.
    Found 1-bit register for signal <pblank>.
    Found 1-bit register for signal <phsync>.
    Found 24-bit register for signal <pixel>.
    Found 10-bit comparator lessequal for signal <pixel$cmp_le0000> created at line 811.
    Found 1-bit register for signal <pvsync>.
    Found 24-bit register for signal <rgb>.
    Found 24-bit 4-to-1 multiplexer for signal <rgb$mux0000>.
    Found 5-bit updown counter for signal <volume>.
    Found 1-bit register for signal <vs>.
    Found 1-bit 4-to-1 multiplexer for signal <vs$mux0000>.
    Found 1-bit register for signal <xblank>.
    Found 1-bit register for signal <xhsync>.
    Found 10-bit register for signal <xvcount>.
    Found 1-bit register for signal <xvsync>.
    Found 1-bit register for signal <yblank>.
    Found 1-bit register for signal <yhsync>.
    Found 10-bit register for signal <yvcount>.
    Found 10-bit adder for signal <yvcount$sub0000> created at line 799.
    Found 1-bit register for signal <yvsync>.
    Summary:
	inferred   1 Counter(s).
	inferred  90 D-type flip-flop(s).
	inferred   2 Adder/Subtractor(s).
	inferred   1 Multiplier(s).
	inferred   2 Comparator(s).
	inferred  27 Multiplexer(s).
Unit <fft> synthesized.


=========================================================================
HDL Synthesis Report

Macro Statistics
# Multipliers                                          : 4
 10x8-bit multiplier                                   : 1
 14x14-bit multiplier                                  : 3
# Adders/Subtractors                                   : 8
 10-bit adder                                          : 1
 28-bit adder                                          : 1
 5-bit adder                                           : 1
 5-bit subtractor                                      : 1
 8-bit adder                                           : 1
 9-bit adder                                           : 3
# Counters                                             : 8
 10-bit up counter                                     : 2
 11-bit up counter                                     : 1
 19-bit up counter                                     : 2
 4-bit up counter                                      : 1
 5-bit updown counter                                  : 1
 8-bit up counter                                      : 1
# Registers                                            : 52
 1-bit register                                        : 32
 10-bit register                                       : 3
 14-bit register                                       : 1
 16-bit register                                       : 1
 20-bit register                                       : 6
 24-bit register                                       : 3
 28-bit register                                       : 3
 3-bit register                                        : 1
 5-bit register                                        : 1
 8-bit register                                        : 1
# Comparators                                          : 22
 10-bit comparator greater                             : 1
 10-bit comparator lessequal                           : 1
 28-bit comparator greater                             : 1
 8-bit comparator greatequal                           : 5
 8-bit comparator greater                              : 4
 8-bit comparator less                                 : 4
 8-bit comparator lessequal                            : 6
# Multiplexers                                         : 7
 1-bit 20-to-1 multiplexer                             : 3
 1-bit 4-to-1 multiplexer                              : 3
 24-bit 4-to-1 multiplexer                             : 1
# Logic shifters                                       : 3
 23-bit shifter logical right                          : 2
 32-bit shifter logical left                           : 1
# Xors                                                 : 2
 1-bit xor2                                            : 2

=========================================================================

=========================================================================
*                       Advanced HDL Synthesis                          *
=========================================================================

Analyzing FSM <FSM_0> for best encoding.
Optimizing FSM <a1/state/FSM> on signal <state[1:2]> with gray encoding.
-------------------
 State | Encoding
-------------------
 000   | 00
 001   | 01
 010   | 11
 011   | 10
-------------------
Loading device for application Rf_Device from file '2v6000.nph' in environment /afs/csail.mit.edu/proj/redsocs/Xilinx10.1/ISE.
Reading core <grad_div.ngc>.
Reading core <fft16384u.ngc>.
Loading core <grad_div> for timing and area information for instance <my_div>.
Loading core <fft16384u> for timing and area information for instance <fft>.

Synthesizing (advanced) Unit <fft>.
INFO:Xst:2385 - HDL ADVISOR - You can improve the performance of the multiplier Mmult_dividend by adding 1 register level(s).
INFO:Xst:2385 - HDL ADVISOR - You can improve the performance of the multiplier Mmult_dividend by adding 1 register level(s).
Unit <fft> synthesized (advanced).

Synthesizing (advanced) Unit <process_audio>.
	Found pipelined multiplier on signal <imim_mult0000>:
		- 1 pipeline level(s) found in a register connected to the multiplier macro output.
		Pushing register(s) into the multiplier macro.
	Found pipelined multiplier on signal <rere_mult0000>:
		- 1 pipeline level(s) found in a register connected to the multiplier macro output.
		Pushing register(s) into the multiplier macro.
Unit <process_audio> synthesized (advanced).

Synthesizing (advanced) Unit <sqrt>.
INFO:Xst:2385 - HDL ADVISOR - You can improve the performance of the multiplier Mmult_answer_mult0000 by adding 1 register level(s).
INFO:Xst:2385 - HDL ADVISOR - You can improve the performance of the multiplier Mmult_answer_mult0000 by adding 1 register level(s).
Unit <sqrt> synthesized (advanced).
WARNING:Xst:1426 - The value init of the FF/Latch l_left_v hinder the constant cleaning in the block ac97.
   You should achieve better results by setting this init to 1.
WARNING:Xst:1710 - FF/Latch <l_cmd_addr_0> (without init value) has a constant value of 0 in block <ac97>. This FF/Latch will be trimmed during the optimization process.
WARNING:Xst:1895 - Due to other FF/Latch trimming, FF/Latch <l_cmd_addr_1> (without init value) has a constant value of 0 in block <ac97>. This FF/Latch will be trimmed during the optimization process.
WARNING:Xst:1895 - Due to other FF/Latch trimming, FF/Latch <l_cmd_addr_2> (without init value) has a constant value of 0 in block <ac97>. This FF/Latch will be trimmed during the optimization process.
WARNING:Xst:1895 - Due to other FF/Latch trimming, FF/Latch <l_cmd_addr_3> (without init value) has a constant value of 0 in block <ac97>. This FF/Latch will be trimmed during the optimization process.
WARNING:Xst:1895 - Due to other FF/Latch trimming, FF/Latch <l_cmd_addr_4> (without init value) has a constant value of 0 in block <ac97>. This FF/Latch will be trimmed during the optimization process.
WARNING:Xst:1895 - Due to other FF/Latch trimming, FF/Latch <l_cmd_addr_5> (without init value) has a constant value of 0 in block <ac97>. This FF/Latch will be trimmed during the optimization process.
WARNING:Xst:1895 - Due to other FF/Latch trimming, FF/Latch <l_cmd_addr_6> (without init value) has a constant value of 0 in block <ac97>. This FF/Latch will be trimmed during the optimization process.
WARNING:Xst:1895 - Due to other FF/Latch trimming, FF/Latch <l_cmd_addr_7> (without init value) has a constant value of 0 in block <ac97>. This FF/Latch will be trimmed during the optimization process.
WARNING:Xst:1895 - Due to other FF/Latch trimming, FF/Latch <l_cmd_addr_8> (without init value) has a constant value of 0 in block <ac97>. This FF/Latch will be trimmed during the optimization process.
WARNING:Xst:1895 - Due to other FF/Latch trimming, FF/Latch <l_cmd_addr_9> (without init value) has a constant value of 0 in block <ac97>. This FF/Latch will be trimmed during the optimization process.
WARNING:Xst:1895 - Due to other FF/Latch trimming, FF/Latch <l_cmd_addr_10> (without init value) has a constant value of 0 in block <ac97>. This FF/Latch will be trimmed during the optimization process.
WARNING:Xst:1895 - Due to other FF/Latch trimming, FF/Latch <l_cmd_addr_11> (without init value) has a constant value of 0 in block <ac97>. This FF/Latch will be trimmed during the optimization process.
WARNING:Xst:1895 - Due to other FF/Latch trimming, FF/Latch <l_cmd_data_0> (without init value) has a constant value of 0 in block <ac97>. This FF/Latch will be trimmed during the optimization process.
WARNING:Xst:1895 - Due to other FF/Latch trimming, FF/Latch <l_cmd_data_1> (without init value) has a constant value of 0 in block <ac97>. This FF/Latch will be trimmed during the optimization process.
WARNING:Xst:1895 - Due to other FF/Latch trimming, FF/Latch <l_cmd_data_2> (without init value) has a constant value of 0 in block <ac97>. This FF/Latch will be trimmed during the optimization process.
WARNING:Xst:1895 - Due to other FF/Latch trimming, FF/Latch <l_cmd_data_3> (without init value) has a constant value of 0 in block <ac97>. This FF/Latch will be trimmed during the optimization process.
WARNING:Xst:1426 - The value init of the FF/Latch command_valid hinder the constant cleaning in the block ac97commands.
   You should achieve better results by setting this init to 1.
WARNING:Xst:1293 - FF/Latch <command_5> has a constant value of 0 in block <ac97commands>. This FF/Latch will be trimmed during the optimization process.
WARNING:Xst:1896 - Due to other FF/Latch trimming, FF/Latch <command_7> has a constant value of 0 in block <ac97commands>. This FF/Latch will be trimmed during the optimization process.
WARNING:Xst:1896 - Due to other FF/Latch trimming, FF/Latch <command_13> has a constant value of 0 in block <ac97commands>. This FF/Latch will be trimmed during the optimization process.
WARNING:Xst:1896 - Due to other FF/Latch trimming, FF/Latch <command_14> has a constant value of 0 in block <ac97commands>. This FF/Latch will be trimmed during the optimization process.
WARNING:Xst:1896 - Due to other FF/Latch trimming, FF/Latch <command_16> has a constant value of 0 in block <ac97commands>. This FF/Latch will be trimmed during the optimization process.
WARNING:Xst:1896 - Due to other FF/Latch trimming, FF/Latch <command_22> has a constant value of 0 in block <ac97commands>. This FF/Latch will be trimmed during the optimization process.
INFO:Xst:2261 - The FF/Latch <command_0> in Unit <ac97commands> is equivalent to the following FF/Latch, which will be removed : <command_8> 
INFO:Xst:2261 - The FF/Latch <command_4> in Unit <ac97commands> is equivalent to the following FF/Latch, which will be removed : <command_12> 
INFO:Xst:2261 - The FF/Latch <command_2> in Unit <ac97commands> is equivalent to the following FF/Latch, which will be removed : <command_10> 
INFO:Xst:2261 - The FF/Latch <command_1> in Unit <ac97commands> is equivalent to the following FF/Latch, which will be removed : <command_9> 
WARNING:Xst:1710 - FF/Latch <pixel_0> (without init value) has a constant value of 0 in block <fft>. This FF/Latch will be trimmed during the optimization process.
WARNING:Xst:1710 - FF/Latch <pixel_1> (without init value) has a constant value of 0 in block <fft>. This FF/Latch will be trimmed during the optimization process.
WARNING:Xst:1710 - FF/Latch <pixel_2> (without init value) has a constant value of 0 in block <fft>. This FF/Latch will be trimmed during the optimization process.
WARNING:Xst:1710 - FF/Latch <pixel_3> (without init value) has a constant value of 0 in block <fft>. This FF/Latch will be trimmed during the optimization process.
WARNING:Xst:1710 - FF/Latch <pixel_4> (without init value) has a constant value of 0 in block <fft>. This FF/Latch will be trimmed during the optimization process.
WARNING:Xst:1710 - FF/Latch <pixel_5> (without init value) has a constant value of 0 in block <fft>. This FF/Latch will be trimmed during the optimization process.
WARNING:Xst:1710 - FF/Latch <pixel_6> (without init value) has a constant value of 0 in block <fft>. This FF/Latch will be trimmed during the optimization process.
WARNING:Xst:1710 - FF/Latch <pixel_7> (without init value) has a constant value of 0 in block <fft>. This FF/Latch will be trimmed during the optimization process.
INFO:Xst:2261 - The FF/Latch <pixel_16> in Unit <fft> is equivalent to the following 7 FFs/Latches, which will be removed : <pixel_17> <pixel_18> <pixel_19> <pixel_20> <pixel_21> <pixel_22> <pixel_23> 
WARNING:Xst:1710 - FF/Latch <l_cmd_addr_12> (without init value) has a constant value of 0 in block <ac97>. This FF/Latch will be trimmed during the optimization process.
WARNING:Xst:1710 - FF/Latch <l_cmd_addr_18> (without init value) has a constant value of 0 in block <ac97>. This FF/Latch will be trimmed during the optimization process.
WARNING:Xst:1710 - FF/Latch <l_cmd_data_9> (without init value) has a constant value of 0 in block <ac97>. This FF/Latch will be trimmed during the optimization process.
WARNING:Xst:1710 - FF/Latch <l_cmd_data_11> (without init value) has a constant value of 0 in block <ac97>. This FF/Latch will be trimmed during the optimization process.
WARNING:Xst:1710 - FF/Latch <l_cmd_data_17> (without init value) has a constant value of 0 in block <ac97>. This FF/Latch will be trimmed during the optimization process.
WARNING:Xst:1710 - FF/Latch <l_cmd_data_18> (without init value) has a constant value of 0 in block <ac97>. This FF/Latch will be trimmed during the optimization process.
WARNING:Xst:1710 - FF/Latch <l_right_data_0> (without init value) has a constant value of 0 in block <ac97>. This FF/Latch will be trimmed during the optimization process.
WARNING:Xst:1710 - FF/Latch <l_right_data_1> (without init value) has a constant value of 0 in block <ac97>. This FF/Latch will be trimmed during the optimization process.
WARNING:Xst:1710 - FF/Latch <l_right_data_2> (without init value) has a constant value of 0 in block <ac97>. This FF/Latch will be trimmed during the optimization process.
WARNING:Xst:1710 - FF/Latch <l_right_data_3> (without init value) has a constant value of 0 in block <ac97>. This FF/Latch will be trimmed during the optimization process.
WARNING:Xst:2677 - Node <right_in_data_0> of sequential type is unconnected in block <ac97>.
WARNING:Xst:2677 - Node <right_in_data_1> of sequential type is unconnected in block <ac97>.
WARNING:Xst:2677 - Node <right_in_data_2> of sequential type is unconnected in block <ac97>.
WARNING:Xst:2677 - Node <right_in_data_3> of sequential type is unconnected in block <ac97>.
WARNING:Xst:2677 - Node <right_in_data_4> of sequential type is unconnected in block <ac97>.
WARNING:Xst:2677 - Node <right_in_data_5> of sequential type is unconnected in block <ac97>.
WARNING:Xst:2677 - Node <right_in_data_6> of sequential type is unconnected in block <ac97>.
WARNING:Xst:2677 - Node <right_in_data_7> of sequential type is unconnected in block <ac97>.
WARNING:Xst:2677 - Node <right_in_data_8> of sequential type is unconnected in block <ac97>.
WARNING:Xst:2677 - Node <right_in_data_9> of sequential type is unconnected in block <ac97>.
WARNING:Xst:2677 - Node <right_in_data_10> of sequential type is unconnected in block <ac97>.
WARNING:Xst:2677 - Node <right_in_data_11> of sequential type is unconnected in block <ac97>.
WARNING:Xst:2677 - Node <right_in_data_12> of sequential type is unconnected in block <ac97>.
WARNING:Xst:2677 - Node <right_in_data_13> of sequential type is unconnected in block <ac97>.
WARNING:Xst:2677 - Node <right_in_data_14> of sequential type is unconnected in block <ac97>.
WARNING:Xst:2677 - Node <right_in_data_15> of sequential type is unconnected in block <ac97>.
WARNING:Xst:2677 - Node <right_in_data_16> of sequential type is unconnected in block <ac97>.
WARNING:Xst:2677 - Node <right_in_data_17> of sequential type is unconnected in block <ac97>.
WARNING:Xst:2677 - Node <right_in_data_18> of sequential type is unconnected in block <ac97>.
WARNING:Xst:2677 - Node <right_in_data_19> of sequential type is unconnected in block <ac97>.

=========================================================================
Advanced HDL Synthesis Report

Macro Statistics
# Multipliers                                          : 4
 10x8-bit multiplier                                   : 1
 14x14-bit multiplier                                  : 1
 14x14-bit registered multiplier                       : 2
# Adders/Subtractors                                   : 8
 10-bit adder                                          : 1
 28-bit adder                                          : 1
 5-bit adder                                           : 4
 5-bit subtractor                                      : 1
 8-bit adder                                           : 1
# Counters                                             : 8
 10-bit up counter                                     : 2
 11-bit up counter                                     : 1
 19-bit up counter                                     : 2
 4-bit up counter                                      : 1
 5-bit updown counter                                  : 1
 8-bit up counter                                      : 1
# Registers                                            : 289
 Flip-Flops                                            : 289
# Comparators                                          : 22
 10-bit comparator greater                             : 1
 10-bit comparator lessequal                           : 1
 28-bit comparator greater                             : 1
 8-bit comparator greatequal                           : 5
 8-bit comparator greater                              : 4
 8-bit comparator less                                 : 4
 8-bit comparator lessequal                            : 6
# Multiplexers                                         : 7
 1-bit 20-to-1 multiplexer                             : 3
 1-bit 4-to-1 multiplexer                              : 3
 24-bit 4-to-1 multiplexer                             : 1
# Logic shifters                                       : 3
 23-bit shifter logical right                          : 2
 32-bit shifter logical left                           : 1
# Xors                                                 : 2
 1-bit xor2                                            : 2

=========================================================================

=========================================================================
*                         Low Level Synthesis                           *
=========================================================================
INFO:Xst:2261 - The FF/Latch <l_right_data_0> in Unit <ac97> is equivalent to the following 3 FFs/Latches, which will be removed : <l_right_data_1> <l_right_data_2> <l_right_data_3> 
WARNING:Xst:1710 - FF/Latch <l_right_data_0> (without init value) has a constant value of 0 in block <ac97>. This FF/Latch will be trimmed during the optimization process.
INFO:Xst:2261 - The FF/Latch <rgb_0> in Unit <fft> is equivalent to the following 7 FFs/Latches, which will be removed : <rgb_1> <rgb_2> <rgb_3> <rgb_4> <rgb_5> <rgb_6> <rgb_7> 
INFO:Xst:2261 - The FF/Latch <rgb_16> in Unit <fft> is equivalent to the following 7 FFs/Latches, which will be removed : <rgb_17> <rgb_18> <rgb_19> <rgb_20> <rgb_21> <rgb_22> <rgb_23> 

Optimizing unit <fft> ...

Optimizing unit <xvga> ...

Optimizing unit <ac97> ...

Optimizing unit <ac97commands> ...

Optimizing unit <sqrt> ...

Optimizing unit <fft_audio> ...

Optimizing unit <process_audio> ...
WARNING:Xst:1710 - FF/Latch <a/ac97/l_cmd_addr_12> (without init value) has a constant value of 0 in block <fft>. This FF/Latch will be trimmed during the optimization process.
WARNING:Xst:1895 - Due to other FF/Latch trimming, FF/Latch <a/ac97/l_cmd_addr_18> (without init value) has a constant value of 0 in block <fft>. This FF/Latch will be trimmed during the optimization process.
WARNING:Xst:1895 - Due to other FF/Latch trimming, FF/Latch <a/ac97/l_cmd_data_9> (without init value) has a constant value of 0 in block <fft>. This FF/Latch will be trimmed during the optimization process.
WARNING:Xst:1895 - Due to other FF/Latch trimming, FF/Latch <a/ac97/l_cmd_data_11> (without init value) has a constant value of 0 in block <fft>. This FF/Latch will be trimmed during the optimization process.
WARNING:Xst:1895 - Due to other FF/Latch trimming, FF/Latch <a/ac97/l_cmd_data_17> (without init value) has a constant value of 0 in block <fft>. This FF/Latch will be trimmed during the optimization process.
WARNING:Xst:1895 - Due to other FF/Latch trimming, FF/Latch <a/ac97/l_cmd_data_18> (without init value) has a constant value of 0 in block <fft>. This FF/Latch will be trimmed during the optimization process.
WARNING:Xst:2677 - Node <a/ac97/right_in_data_0> of sequential type is unconnected in block <fft>.
WARNING:Xst:2677 - Node <a/ac97/right_in_data_1> of sequential type is unconnected in block <fft>.
WARNING:Xst:2677 - Node <a/ac97/right_in_data_2> of sequential type is unconnected in block <fft>.
WARNING:Xst:2677 - Node <a/ac97/right_in_data_3> of sequential type is unconnected in block <fft>.
WARNING:Xst:2677 - Node <a/ac97/right_in_data_4> of sequential type is unconnected in block <fft>.
WARNING:Xst:2677 - Node <a/ac97/right_in_data_5> of sequential type is unconnected in block <fft>.
WARNING:Xst:2677 - Node <a/ac97/right_in_data_6> of sequential type is unconnected in block <fft>.
WARNING:Xst:2677 - Node <a/ac97/right_in_data_7> of sequential type is unconnected in block <fft>.
WARNING:Xst:2677 - Node <a/ac97/right_in_data_8> of sequential type is unconnected in block <fft>.
WARNING:Xst:2677 - Node <a/ac97/right_in_data_9> of sequential type is unconnected in block <fft>.
WARNING:Xst:2677 - Node <a/ac97/right_in_data_10> of sequential type is unconnected in block <fft>.
WARNING:Xst:2677 - Node <a/ac97/right_in_data_11> of sequential type is unconnected in block <fft>.
WARNING:Xst:2677 - Node <a/ac97/right_in_data_12> of sequential type is unconnected in block <fft>.
WARNING:Xst:2677 - Node <a/ac97/right_in_data_13> of sequential type is unconnected in block <fft>.
WARNING:Xst:2677 - Node <a/ac97/right_in_data_14> of sequential type is unconnected in block <fft>.
WARNING:Xst:2677 - Node <a/ac97/right_in_data_15> of sequential type is unconnected in block <fft>.
WARNING:Xst:2677 - Node <a/ac97/right_in_data_16> of sequential type is unconnected in block <fft>.
WARNING:Xst:2677 - Node <a/ac97/right_in_data_17> of sequential type is unconnected in block <fft>.
WARNING:Xst:2677 - Node <a/ac97/right_in_data_18> of sequential type is unconnected in block <fft>.
WARNING:Xst:2677 - Node <a/ac97/right_in_data_19> of sequential type is unconnected in block <fft>.

Mapping all equations...
Building and optimizing final netlist ...
INFO:Xst:2261 - The FF/Latch <a/ac97/l_cmd_data_4> in Unit <fft> is equivalent to the following FF/Latch, which will be removed : <a/ac97/l_cmd_data_12> 
INFO:Xst:2261 - The FF/Latch <a/ac97/l_cmd_data_5> in Unit <fft> is equivalent to the following FF/Latch, which will be removed : <a/ac97/l_cmd_data_13> 
INFO:Xst:2261 - The FF/Latch <a/ac97/l_cmd_data_6> in Unit <fft> is equivalent to the following FF/Latch, which will be removed : <a/ac97/l_cmd_data_14> 
INFO:Xst:2261 - The FF/Latch <a/ac97/l_cmd_data_8> in Unit <fft> is equivalent to the following FF/Latch, which will be removed : <a/ac97/l_cmd_data_16> 
Found area constraint ratio of 100 (+ 5) on block fft, actual ratio is 17.
INFO:Xst:2260 - The FF/Latch <blk00000df7> in Unit <a1/fft> is equivalent to the following 2 FFs/Latches : <blk000018b7> <blk00002354> 
INFO:Xst:2260 - The FF/Latch <blk00000710> in Unit <a1/fft> is equivalent to the following FF/Latch : <blk00000742> 
INFO:Xst:2260 - The FF/Latch <blk0000070f> in Unit <a1/fft> is equivalent to the following FF/Latch : <blk00000741> 
INFO:Xst:2260 - The FF/Latch <blk00000df7> in Unit <a1/fft> is equivalent to the following 2 FFs/Latches : <blk000018b7> <blk00002354> 
INFO:Xst:2260 - The FF/Latch <blk00000710> in Unit <a1/fft> is equivalent to the following FF/Latch : <blk00000742> 
INFO:Xst:2260 - The FF/Latch <blk0000070f> in Unit <a1/fft> is equivalent to the following FF/Latch : <blk00000741> 

Final Macro Processing ...

Processing Unit <fft> :
	Found 2-bit shift register for signal <xvcount_8>.
	Found 2-bit shift register for signal <xblank>.
	Found 3-bit shift register for signal <phsync>.
	Found 3-bit shift register for signal <pvsync>.
	Found 4-bit shift register for signal <a/ac97/left_in_data_4>.
	Found 2-bit shift register for signal <a/ready_sync_1>.
Unit <fft> processed.

=========================================================================
Final Register Report

Macro Statistics
# Registers                                            : 311
 Flip-Flops                                            : 311
# Shift Registers                                      : 6
 2-bit shift register                                  : 3
 3-bit shift register                                  : 2
 4-bit shift register                                  : 1

=========================================================================

=========================================================================
*                           Partition Report                             *
=========================================================================

Partition Implementation Status
-------------------------------

  No Partitions were found in this design.

-------------------------------

=========================================================================
*                            Final Report                               *
=========================================================================
Final Results
RTL Top Level Output File Name     : fft.ngr
Top Level Output File Name         : fft
Output Format                      : NGC
Optimization Goal                  : Speed
Keep Hierarchy                     : NO

Design Statistics
# IOs                              : 576

Cell Usage :
# BELS                             : 14515
#      BUF                         : 634
#      GND                         : 17
#      INV                         : 57
#      LUT1                        : 73
#      LUT2                        : 182
#      LUT2_D                      : 6
#      LUT3                        : 480
#      LUT3_D                      : 27
#      LUT3_L                      : 30
#      LUT4                        : 5559
#      LUT4_D                      : 38
#      LUT4_L                      : 24
#      MULT_AND                    : 851
#      MUXCY                       : 2851
#      MUXF5                       : 712
#      MUXF6                       : 135
#      MUXF7                       : 54
#      MUXF8                       : 26
#      VCC                         : 17
#      XORCY                       : 2742
# FlipFlops/Latches                : 9110
#      FD                          : 779
#      FDCE                        : 1055
#      FDE                         : 6777
#      FDE_1                       : 17
#      FDR                         : 64
#      FDRE                        : 379
#      FDS                         : 16
#      FDSE                        : 23
# RAMS                             : 122
#      RAM32X1D                    : 44
#      RAM64X1D                    : 42
#      RAMB16_S18_S18              : 5
#      RAMB16_S2_S2                : 5
#      RAMB16_S36_S36              : 3
#      RAMB16_S4_S4                : 11
#      RAMB16_S9_S9                : 12
# Shift Registers                  : 1333
#      SRL16                       : 6
#      SRL16E                      : 1326
#      SRL16E_1                    : 1
# Clock Buffers                    : 3
#      BUFG                        : 2
#      BUFGP                       : 1
# IO Buffers                       : 250
#      IBUF                        : 9
#      IBUFG                       : 1
#      OBUF                        : 240
# DCMs                             : 1
#      DCM                         : 1
# MULTs                            : 34
#      MULT18X18                   : 2
#      MULT18X18S                  : 32
=========================================================================

Device utilization summary:
---------------------------

Selected Device : 2v6000bf957-4 

 Number of Slices:                     5830  out of  33792    17%  
 Number of Slice Flip Flops:           9110  out of  67584    13%  
 Number of 4 input LUTs:               8321  out of  67584    12%  
    Number used as logic:              6476
    Number used as Shift registers:    1333
    Number used as RAMs:                512
 Number of IOs:                         576
 Number of bonded IOBs:                 251  out of    684    36%  
 Number of BRAMs:                        36  out of    144    25%  
 Number of MULT18X18s:                   34  out of    144    23%  
 Number of GCLKs:                         3  out of     16    18%  
 Number of DCMs:                          1  out of     12     8%  

---------------------------
Partition Resource Summary:
---------------------------

  No Partitions were found in this design.

---------------------------


=========================================================================
TIMING REPORT

NOTE: THESE TIMING NUMBERS ARE ONLY A SYNTHESIS ESTIMATE.
      FOR ACCURATE TIMING INFORMATION PLEASE REFER TO THE TRACE REPORT
      GENERATED AFTER PLACE-and-ROUTE.

Clock Information:
------------------
-----------------------------------+------------------------+-------+
Clock Signal                       | Clock buffer(FF name)  | Load  |
-----------------------------------+------------------------+-------+
clock_27mhz                        | vclk1:CLKFX            | 844   |
clock_27mhz                        | IBUFG+BUFG             | 9673  |
ac97_bit_clock                     | BUFGP                  | 81    |
-----------------------------------+------------------------+-------+

Asynchronous Control Signals Information:
----------------------------------------
----------------------------------------+-----------------------------+-------+
Control Signal                          | Buffer(FF name)             | Load  |
----------------------------------------+-----------------------------+-------+
a1/fft/sig00000001(a1/fft/blk00000002:G)| NONE(a1/fft/blk000014f8)    | 1077  |
a1/fft/ce_11(a1/fft/ce_11:O)            | NONE(a1/fft/blk00003479)    | 6     |
a1/fft/ce_17(a1/fft/ce_17:O)            | NONE(a1/fft/blk00004e0c)    | 6     |
a1/fft/ce_8(a1/fft/ce_8:O)              | NONE(a1/fft/blk000025c8)    | 6     |
a1/fft/ce_14(a1/fft/ce_14:O)            | NONE(a1/fft/blk000041aa)    | 5     |
a1/fft/ce_3(a1/fft/ce_3:O)              | NONE(a1/fft/blk00000f9c)    | 3     |
a/ac97/Mmux__varindex0000_9(XST_GND:G)  | NONE(a1/Mmult_imim_mult0000)| 2     |
a1/fft/ce_6(a1/fft/ce_6:O)              | NONE(a1/fft/blk00001a4d)    | 2     |
a1/haddr_not0001(a1/haddr_not00011:O)   | NONE(a1/Mmult_imim_mult0000)| 2     |
a1/fft/ce_15(a1/fft/ce_15:O)            | NONE(a1/fft/blk00004343)    | 1     |
a1/fft/ce_5(a1/fft/ce_5:O)              | NONE(a1/fft/blk00001a09)    | 1     |
----------------------------------------+-----------------------------+-------+

Timing Summary:
---------------
Speed Grade: -4

   Minimum period: 21.089ns (Maximum Frequency: 47.419MHz)
   Minimum input arrival time before clock: 12.475ns
   Maximum output required time after clock: 6.909ns
   Maximum combinational path delay: No path found

Timing Detail:
--------------
All values displayed in nanoseconds (ns)

=========================================================================
Timing constraint: Default period analysis for Clock 'clock_27mhz'
  Clock period: 21.089ns (frequency: 47.419MHz)
  Total number of paths / destination ports: 202736 / 23189
-------------------------------------------------------------------------
Delay:               8.787ns (Levels of Logic = 2)
  Source:            xvcount_9 (FF)
  Destination:       my_div/BU2/U0/i_synth_opt.i_nonzero_fract.i_synth/i_algo_r2_nr.i_sdivider/i_synth_option.i_synth_model/divider_blk/div_loop[0].num_stages.numerator_gen.del_numer/first_q_17 (FF)
  Source Clock:      clock_27mhz rising 2.4X
  Destination Clock: clock_27mhz rising 2.4X

  Data Path: xvcount_9 to my_div/BU2/U0/i_synth_opt.i_nonzero_fract.i_synth/i_algo_r2_nr.i_sdivider/i_synth_option.i_synth_model/divider_blk/div_loop[0].num_stages.numerator_gen.del_numer/first_q_17
                                Gate     Net
    Cell:in->out      fanout   Delay   Delay  Logical Name (Net Name)
    ----------------------------------------  ------------
     FD:C->Q               2   0.568   0.701  xvcount_9 (xvcount_9)
     MULT18X18:A9->P17     1   6.630   0.517  Mmult_dividend (dividend<17>)
     begin scope: 'my_div'
     begin scope: 'BU2'
     FD:D                      0.370          U0/i_synth_opt.i_nonzero_fract.i_synth/i_algo_r2_nr.i_sdivider/i_synth_option.i_synth_model/divider_blk/div_loop[0].num_stages.numerator_gen.del_numer/first_q_17
    ----------------------------------------
    Total                      8.787ns (7.568ns logic, 1.219ns route)
                                       (86.1% logic, 13.9% route)

=========================================================================
Timing constraint: Default period analysis for Clock 'ac97_bit_clock'
  Clock period: 12.533ns (frequency: 79.789MHz)
  Total number of paths / destination ports: 1844 / 121
-------------------------------------------------------------------------
Delay:               6.266ns (Levels of Logic = 3)
  Source:            a/ac97/bit_count_4 (FF)
  Destination:       a/ac97/Mshreg_left_in_data_4 (FF)
  Source Clock:      ac97_bit_clock rising
  Destination Clock: ac97_bit_clock falling

  Data Path: a/ac97/bit_count_4 to a/ac97/Mshreg_left_in_data_4
                                Gate     Net
    Cell:in->out      fanout   Delay   Delay  Logical Name (Net Name)
    ----------------------------------------  ------------
     FD:C->Q              17   0.568   1.297  a/ac97/bit_count_4 (a/ac97/bit_count_4)
     LUT3:I0->O            3   0.439   0.724  a/ac97/l_left_data_not0001131 (a/ac97/N18)
     MUXF5:S->O            1   0.699   0.552  a/ac97/left_in_data_and000013_f5 (a/ac97/left_in_data_and000013)
     LUT3:I2->O           18   0.439   1.023  a/ac97/left_in_data_and000048 (a/ac97/left_in_data_and0000)
     SRL16E_1:CE               0.525          a/ac97/Mshreg_left_in_data_4
    ----------------------------------------
    Total                      6.266ns (2.670ns logic, 3.596ns route)
                                       (42.6% logic, 57.4% route)

=========================================================================
Timing constraint: Default OFFSET IN BEFORE for Clock 'clock_27mhz'
  Total number of paths / destination ports: 1388 / 141
-------------------------------------------------------------------------
Offset:              12.475ns (Levels of Logic = 7)
  Source:            switch<5> (PAD)
  Destination:       a1/Mmult_imim_mult0000 (MULT)
  Destination Clock: clock_27mhz rising

  Data Path: switch<5> to a1/Mmult_imim_mult0000
                                Gate     Net
    Cell:in->out      fanout   Delay   Delay  Logical Name (Net Name)
    ----------------------------------------  ------------
     IBUF:I->O            73   0.825   1.479  switch_5_IBUF (switch_5_IBUF)
     LUT3:I0->O            4   0.439   0.955  a1/Sh101520 (a1/Sh10057)
     LUT3:I1->O            1   0.439   0.000  a1/Sh1015311 (a1/Sh101531)
     MUXF5:I1->O           2   0.436   0.987  a1/Sh101531_f5 (a1/Sh101_bdd6)
     LUT3:I0->O            3   0.439   1.010  a1/Sh10141 (a1/Sh101_bdd1)
     LUT3:I0->O            1   0.439   0.000  a1/Sh12011 (a1/Sh1201)
     MUXF5:I1->O           2   0.436   0.702  a1/Sh1201_f5 (a1/Sh120)
     MULT18X18S:A5             3.890          a1/Mmult_imim_mult0000
    ----------------------------------------
    Total                     12.475ns (7.343ns logic, 5.132ns route)
                                       (58.9% logic, 41.1% route)

=========================================================================
Timing constraint: Default OFFSET IN BEFORE for Clock 'ac97_bit_clock'
  Total number of paths / destination ports: 1 / 1
-------------------------------------------------------------------------
Offset:              1.712ns (Levels of Logic = 1)
  Source:            ac97_sdata_in (PAD)
  Destination:       a/ac97/left_in_data_0 (FF)
  Destination Clock: ac97_bit_clock falling

  Data Path: ac97_sdata_in to a/ac97/left_in_data_0
                                Gate     Net
    Cell:in->out      fanout   Delay   Delay  Logical Name (Net Name)
    ----------------------------------------  ------------
     IBUF:I->O             1   0.825   0.517  ac97_sdata_in_IBUF (ac97_sdata_in_IBUF)
     FDE_1:D                   0.370          a/ac97/left_in_data_0
    ----------------------------------------
    Total                      1.712ns (1.195ns logic, 0.517ns route)
                                       (69.8% logic, 30.2% route)

=========================================================================
Timing constraint: Default OFFSET OUT AFTER for Clock 'clock_27mhz'
  Total number of paths / destination ports: 33 / 33
-------------------------------------------------------------------------
Offset:              6.909ns (Levels of Logic = 2)
  Source:            volume_0 (FF)
  Destination:       led<0> (PAD)
  Source Clock:      clock_27mhz rising

  Data Path: volume_0 to led<0>
                                Gate     Net
    Cell:in->out      fanout   Delay   Delay  Logical Name (Net Name)
    ----------------------------------------  ------------
     FDRE:C->Q             8   0.568   0.839  volume_0 (volume_0)
     INV:I->O              2   0.439   0.701  Result<0>21_INV_0 (Result<0>2)
     OBUF:I->O                 4.361          led_0_OBUF (led<0>)
    ----------------------------------------
    Total                      6.909ns (5.368ns logic, 1.541ns route)
                                       (77.7% logic, 22.3% route)

=========================================================================
Timing constraint: Default OFFSET OUT AFTER for Clock 'ac97_bit_clock'
  Total number of paths / destination ports: 2 / 2
-------------------------------------------------------------------------
Offset:              5.630ns (Levels of Logic = 1)
  Source:            a/ac97/ac97_synch (FF)
  Destination:       ac97_synch (PAD)
  Source Clock:      ac97_bit_clock rising

  Data Path: a/ac97/ac97_synch to ac97_synch
                                Gate     Net
    Cell:in->out      fanout   Delay   Delay  Logical Name (Net Name)
    ----------------------------------------  ------------
     FDS:C->Q              2   0.568   0.701  a/ac97/ac97_synch (a/ac97/ac97_synch)
     OBUF:I->O                 4.361          ac97_synch_OBUF (ac97_synch)
    ----------------------------------------
    Total                      5.630ns (4.929ns logic, 0.701ns route)
                                       (87.5% logic, 12.5% route)

=========================================================================


Total REAL time to Xst completion: 384.00 secs
Total CPU time to Xst completion: 383.13 secs
 
--> 


Total memory usage is 889412 kilobytes

Number of errors   :    0 (   0 filtered)
Number of warnings :  411 (   0 filtered)
Number of infos    :   37 (   0 filtered)

